Archive member included to satisfy reference by file (symbol)

/usr/lib/gcc/arm-none-eabi/9.2.1/thumb/v6-m/nofp/libgcc.a(_dvmd_tls.o)
                              CMakeFiles/tempSensor.dir/home/baydev/Desktop/xx/pico/pico-sdk/src/rp2_common/pico_divider/divider.S.obj (__aeabi_idiv0)
/usr/lib/gcc/arm-none-eabi/9.2.1/../../../arm-none-eabi/lib/thumb/v6-m/nofp/libg.a(lib_a-atexit.o)
                              /usr/lib/gcc/arm-none-eabi/9.2.1/../../../arm-none-eabi/lib/thumb/v6-m/nofp/crt0.o (atexit)
/usr/lib/gcc/arm-none-eabi/9.2.1/../../../arm-none-eabi/lib/thumb/v6-m/nofp/libg.a(lib_a-calloc.o)
                              CMakeFiles/tempSensor.dir/home/baydev/Desktop/xx/pico/pico-sdk/src/rp2_common/pico_malloc/pico_malloc.c.obj (calloc)
/usr/lib/gcc/arm-none-eabi/9.2.1/../../../arm-none-eabi/lib/thumb/v6-m/nofp/libg.a(lib_a-callocr.o)
                              /usr/lib/gcc/arm-none-eabi/9.2.1/../../../arm-none-eabi/lib/thumb/v6-m/nofp/libg.a(lib_a-calloc.o) (_calloc_r)
/usr/lib/gcc/arm-none-eabi/9.2.1/../../../arm-none-eabi/lib/thumb/v6-m/nofp/libg.a(lib_a-ctype_.o)
                              CMakeFiles/tempSensor.dir/home/baydev/Desktop/xx/pico/pico-sdk/lib/tinyusb/src/tusb.c.obj (_ctype_)
/usr/lib/gcc/arm-none-eabi/9.2.1/../../../arm-none-eabi/lib/thumb/v6-m/nofp/libg.a(lib_a-fini.o)
                              /usr/lib/gcc/arm-none-eabi/9.2.1/../../../arm-none-eabi/lib/thumb/v6-m/nofp/crt0.o (__libc_fini_array)
/usr/lib/gcc/arm-none-eabi/9.2.1/../../../arm-none-eabi/lib/thumb/v6-m/nofp/libg.a(lib_a-impure.o)
                              /usr/lib/gcc/arm-none-eabi/9.2.1/../../../arm-none-eabi/lib/thumb/v6-m/nofp/libg.a(lib_a-calloc.o) (_impure_ptr)
/usr/lib/gcc/arm-none-eabi/9.2.1/../../../arm-none-eabi/lib/thumb/v6-m/nofp/libg.a(lib_a-init.o)
                              /usr/lib/gcc/arm-none-eabi/9.2.1/../../../arm-none-eabi/lib/thumb/v6-m/nofp/crt0.o (__libc_init_array)
/usr/lib/gcc/arm-none-eabi/9.2.1/../../../arm-none-eabi/lib/thumb/v6-m/nofp/libg.a(lib_a-malloc.o)
                              CMakeFiles/tempSensor.dir/home/baydev/Desktop/xx/pico/pico-sdk/src/rp2_common/pico_malloc/pico_malloc.c.obj (malloc)
/usr/lib/gcc/arm-none-eabi/9.2.1/../../../arm-none-eabi/lib/thumb/v6-m/nofp/libg.a(lib_a-mallocr.o)
                              /usr/lib/gcc/arm-none-eabi/9.2.1/../../../arm-none-eabi/lib/thumb/v6-m/nofp/libg.a(lib_a-callocr.o) (_malloc_r)
/usr/lib/gcc/arm-none-eabi/9.2.1/../../../arm-none-eabi/lib/thumb/v6-m/nofp/libg.a(lib_a-mlock.o)
                              /usr/lib/gcc/arm-none-eabi/9.2.1/../../../arm-none-eabi/lib/thumb/v6-m/nofp/libg.a(lib_a-mallocr.o) (__malloc_lock)
/usr/lib/gcc/arm-none-eabi/9.2.1/../../../arm-none-eabi/lib/thumb/v6-m/nofp/libg.a(lib_a-sbrkr.o)
                              /usr/lib/gcc/arm-none-eabi/9.2.1/../../../arm-none-eabi/lib/thumb/v6-m/nofp/libg.a(lib_a-mallocr.o) (_sbrk_r)
/usr/lib/gcc/arm-none-eabi/9.2.1/../../../arm-none-eabi/lib/thumb/v6-m/nofp/libg.a(lib_a-strlen-stub.o)
                              CMakeFiles/tempSensor.dir/home/baydev/Desktop/xx/pico/pico-sdk/src/rp2_common/pico_stdio/stdio.c.obj (strlen)
/usr/lib/gcc/arm-none-eabi/9.2.1/../../../arm-none-eabi/lib/thumb/v6-m/nofp/libg.a(lib_a-__atexit.o)
                              /usr/lib/gcc/arm-none-eabi/9.2.1/../../../arm-none-eabi/lib/thumb/v6-m/nofp/libg.a(lib_a-atexit.o) (__register_exitproc)
/usr/lib/gcc/arm-none-eabi/9.2.1/../../../arm-none-eabi/lib/thumb/v6-m/nofp/libg.a(lib_a-freer.o)
                              /usr/lib/gcc/arm-none-eabi/9.2.1/../../../arm-none-eabi/lib/thumb/v6-m/nofp/libg.a(lib_a-malloc.o) (_free_r)
/usr/lib/gcc/arm-none-eabi/9.2.1/../../../arm-none-eabi/lib/thumb/v6-m/nofp/libg.a(lib_a-reent.o)
                              /usr/lib/gcc/arm-none-eabi/9.2.1/../../../arm-none-eabi/lib/thumb/v6-m/nofp/libg.a(lib_a-sbrkr.o) (errno)

Allocating common symbols
Common symbol       size              file

sf_table            0x100             CMakeFiles/tempSensor.dir/home/baydev/Desktop/xx/pico/pico-sdk/src/rp2_common/pico_float/float_init_rom.c.obj
errno               0x4               /usr/lib/gcc/arm-none-eabi/9.2.1/../../../arm-none-eabi/lib/thumb/v6-m/nofp/libg.a(lib_a-reent.o)
_usbd_qdef_buf      0xc0              CMakeFiles/tempSensor.dir/home/baydev/Desktop/xx/pico/pico-sdk/lib/tinyusb/src/device/usbd.c.obj
sd_table            0x100             CMakeFiles/tempSensor.dir/home/baydev/Desktop/xx/pico/pico-sdk/src/rp2_common/pico_double/double_init_rom.c.obj
uart_char_to_line_feed
                    0x4               CMakeFiles/tempSensor.dir/home/baydev/Desktop/xx/pico/pico-sdk/src/rp2_common/hardware_uart/uart.c.obj

Discarded input sections

 .text          0x0000000000000000        0x0 /usr/lib/gcc/arm-none-eabi/9.2.1/thumb/v6-m/nofp/crti.o
 .data          0x0000000000000000        0x0 /usr/lib/gcc/arm-none-eabi/9.2.1/thumb/v6-m/nofp/crti.o
 .bss           0x0000000000000000        0x0 /usr/lib/gcc/arm-none-eabi/9.2.1/thumb/v6-m/nofp/crti.o
[...]
Memory Configuration

Name             Origin             Length             Attributes
FLASH            0x0000000010000000 0x0000000000200000 xr
RAM              0x0000000020000000 0x0000000000040000 xrw
SCRATCH_X        0x0000000020040000 0x0000000000001000 xrw
SCRATCH_Y        0x0000000020041000 0x0000000000001000 xrw
*default*        0x0000000000000000 0xffffffffffffffff

Linker script and memory map

LOAD /usr/lib/gcc/arm-none-eabi/9.2.1/thumb/v6-m/nofp/crti.o
LOAD /usr/lib/gcc/arm-none-eabi/9.2.1/thumb/v6-m/nofp/crtbegin.o
LOAD /usr/lib/gcc/arm-none-eabi/9.2.1/../../../arm-none-eabi/lib/thumb/v6-m/nofp/crt0.o

.flash_begin    0x0000000010000000        0x0
                0x0000000010000000                __flash_binary_start = .

.boot2          0x0000000010000000      0x100
                0x0000000010000000                __boot2_start__ = .
 *(.boot2)
 .boot2         0x0000000010000000      0x100 /tmp/cczKRUlN.o
                0x0000000010000100                __boot2_end__ = .
                0x0000000000000001                ASSERT (((__boot2_end__ - __boot2_start__) == 0x100), ERROR: Pico second stage bootloader must be 256 bytes in size)

.text           0x0000000010000100     0x70c8
                0x0000000010000100                __logical_binary_start = .
 *(.vectors)
 .vectors       0x0000000010000100       0xd4 CMakeFiles/tempSensor.dir/home/baydev/Desktop/xx/pico/pico-sdk/src/rp2_common/pico_standard_link/crt0.S.obj
                0x0000000010000100                __vectors
                0x0000000010000100                __VECTOR_TABLE
                0x00000000100001c0                isr_invalid
                0x00000000100001c0                __default_isrs_start
                0x00000000100001c2                isr_nmi
                0x00000000100001c4                isr_hardfault
                0x00000000100001c6                isr_svcall
                0x00000000100001c8                isr_pendsv
                0x00000000100001ca                isr_systick
                0x00000000100001cc                isr_irq30
                0x00000000100001cc                __unhandled_user_irq
                0x00000000100001cc                isr_irq13
                0x00000000100001cc                isr_irq27
                0x00000000100001cc                isr_irq31
                0x00000000100001cc                isr_irq5
                0x00000000100001cc                isr_irq11
                0x00000000100001cc                isr_irq23
                0x00000000100001cc                isr_irq18
                0x00000000100001cc                isr_irq28
                0x00000000100001cc                isr_irq19
                0x00000000100001cc                isr_irq0
                0x00000000100001cc                isr_irq6
                0x00000000100001cc                isr_irq22
                0x00000000100001cc                isr_irq17
                0x00000000100001cc                isr_irq14
                0x00000000100001cc                isr_irq2
                0x00000000100001cc                isr_irq10
                0x00000000100001cc                isr_irq8
                0x00000000100001cc                isr_irq24
                0x00000000100001cc                isr_irq1
                0x00000000100001cc                isr_irq7
                0x00000000100001cc                isr_irq21
                0x00000000100001cc                isr_irq20
                0x00000000100001cc                isr_irq15
                0x00000000100001cc                isr_irq25
                0x00000000100001cc                isr_irq4
                0x00000000100001cc                isr_irq16
                0x00000000100001cc                isr_irq29
                0x00000000100001cc                isr_irq26
                0x00000000100001cc                __default_isrs_end
                0x00000000100001cc                isr_irq3
                0x00000000100001cc                isr_irq12
                0x00000000100001cc                isr_irq9
                0x00000000100001d2                unhandled_user_irq_num_in_r0
 *(.binary_info_header)
 .binary_info_header
                0x00000000100001d4       0x14 CMakeFiles/tempSensor.dir/home/baydev/Desktop/xx/pico/pico-sdk/src/rp2_common/pico_standard_link/crt0.S.obj
                0x00000000100001e8                __binary_info_header_end = .
 *(.reset)
 .reset         0x00000000100001e8       0xa8 CMakeFiles/tempSensor.dir/home/baydev/Desktop/xx/pico/pico-sdk/src/rp2_common/pico_standard_link/crt0.S.obj
                0x00000000100001e8                _entry_point
                0x0000000010000266                __get_current_exception
 .reset         0x0000000010000290       0x30 CMakeFiles/tempSensor.dir/home/baydev/Desktop/xx/pico/pico-sdk/src/rp2_common/pico_standard_link/binary_info.c.obj
 *(.init)
 .init          0x00000000100002c0        0x4 /usr/lib/gcc/arm-none-eabi/9.2.1/thumb/v6-m/nofp/crti.o
                0x00000000100002c0                _init
 *(EXCLUDE_FILE(*libm.a: *libc.a:*lib_a-mem*.o *libgcc.a:) .text*)
 .text          0x00000000100002c4       0x98 /usr/lib/gcc/arm-none-eabi/9.2.1/thumb/v6-m/nofp/crtbegin.o
 .text.main     0x000000001000035c       0xac CMakeFiles/tempSensor.dir/src/main.c.obj
                0x000000001000035c                main
 .text.hw_claim_lock
                0x0000000010000408       0x18 CMakeFiles/tempSensor.dir/home/baydev/Desktop/xx/pico/pico-sdk/src/rp2_common/hardware_claim/claim.c.obj
                0x0000000010000408                hw_claim_lock
 .text.hw_claim_unlock
                0x0000000010000420       0x14 CMakeFiles/tempSensor.dir/home/baydev/Desktop/xx/pico/pico-sdk/src/rp2_common/hardware_claim/claim.c.obj
                0x0000000010000420                hw_claim_unlock
 .text.hw_claim_or_assert
                0x0000000010000434       0x32 CMakeFiles/tempSensor.dir/home/baydev/Desktop/xx/pico/pico-sdk/src/rp2_common/hardware_claim/claim.c.obj
                0x0000000010000434                hw_claim_or_assert
 .text.hw_claim_unused_from_range
                0x0000000010000466       0x50 CMakeFiles/tempSensor.dir/home/baydev/Desktop/xx/pico/pico-sdk/src/rp2_common/hardware_claim/claim.c.obj
                0x0000000010000466                hw_claim_unused_from_range
 *fill*         0x00000000100004b6        0x2 
 .text.running_on_fpga
                0x00000000100004b8       0x14 CMakeFiles/tempSensor.dir/home/baydev/Desktop/xx/pico/pico-sdk/src/rp2_common/pico_platform/platform.c.obj
                0x00000000100004b8                running_on_fpga
 .text.spin_locks_reset
                0x00000000100004cc       0x20 CMakeFiles/tempSensor.dir/home/baydev/Desktop/xx/pico/pico-sdk/src/rp2_common/hardware_sync/sync.c.obj
                0x00000000100004cc                spin_locks_reset
 .text.next_striped_spin_lock_num
                0x00000000100004ec       0x1c CMakeFiles/tempSensor.dir/home/baydev/Desktop/xx/pico/pico-sdk/src/rp2_common/hardware_sync/sync.c.obj
                0x00000000100004ec                next_striped_spin_lock_num
 .text.spin_lock_claim_unused
                0x0000000010000508       0x20 CMakeFiles/tempSensor.dir/home/baydev/Desktop/xx/pico/pico-sdk/src/rp2_common/hardware_sync/sync.c.obj
                0x0000000010000508                spin_lock_claim_unused
 .text.alarm_pool_post_alloc_init
                0x0000000010000528       0x40 CMakeFiles/tempSensor.dir/home/baydev/Desktop/xx/pico/pico-sdk/src/common/pico_time/time.c.obj
 .text.sleep_until_callback
                0x0000000010000568       0x30 CMakeFiles/tempSensor.dir/home/baydev/Desktop/xx/pico/pico-sdk/src/common/pico_time/time.c.obj
 .text.timer_pool_entry_comparator
                0x0000000010000598       0x7c CMakeFiles/tempSensor.dir/home/baydev/Desktop/xx/pico/pico-sdk/src/common/pico_time/time.c.obj
                0x0000000010000598                timer_pool_entry_comparator
 .text.ph_add_child_node
                0x0000000010000614       0xa4 CMakeFiles/tempSensor.dir/home/baydev/Desktop/xx/pico/pico-sdk/src/common/pico_time/time.c.obj
 .text.ph_merge_nodes
                0x00000000100006b8       0x3e CMakeFiles/tempSensor.dir/home/baydev/Desktop/xx/pico/pico-sdk/src/common/pico_time/time.c.obj
 *fill*         0x00000000100006f6        0x2 
 .text.add_alarm_under_lock
                0x00000000100006f8      0x174 CMakeFiles/tempSensor.dir/home/baydev/Desktop/xx/pico/pico-sdk/src/common/pico_time/time.c.obj
 .text.alarm_pool_alarm_callback
                0x000000001000086c      0x32c CMakeFiles/tempSensor.dir/home/baydev/Desktop/xx/pico/pico-sdk/src/common/pico_time/time.c.obj
 .text.alarm_pool_init_default
                0x0000000010000b98       0x38 CMakeFiles/tempSensor.dir/home/baydev/Desktop/xx/pico/pico-sdk/src/common/pico_time/time.c.obj
                0x0000000010000b98                alarm_pool_init_default
 .text.alarm_pool_get_default
                0x0000000010000bd0       0x2c CMakeFiles/tempSensor.dir/home/baydev/Desktop/xx/pico/pico-sdk/src/common/pico_time/time.c.obj
                0x0000000010000bd0                alarm_pool_get_default
 .text.alarm_pool_add_alarm_at
                0x0000000010000bfc      0x170 CMakeFiles/tempSensor.dir/home/baydev/Desktop/xx/pico/pico-sdk/src/common/pico_time/time.c.obj
                0x0000000010000bfc                alarm_pool_add_alarm_at
 .text.alarm_pool_cancel_alarm
                0x0000000010000d6c       0xf0 CMakeFiles/tempSensor.dir/home/baydev/Desktop/xx/pico/pico-sdk/src/common/pico_time/time.c.obj
                0x0000000010000d6c                alarm_pool_cancel_alarm
 .text.sleep_until
                0x0000000010000e5c       0xfc CMakeFiles/tempSensor.dir/home/baydev/Desktop/xx/pico/pico-sdk/src/common/pico_time/time.c.obj
                0x0000000010000e5c                sleep_until
 .text.sleep_us
                0x0000000010000f58       0x58 CMakeFiles/tempSensor.dir/home/baydev/Desktop/xx/pico/pico-sdk/src/common/pico_time/time.c.obj
                0x0000000010000f58                sleep_us
 .text.sleep_ms
                0x0000000010000fb0       0x14 CMakeFiles/tempSensor.dir/home/baydev/Desktop/xx/pico/pico-sdk/src/common/pico_time/time.c.obj
                0x0000000010000fb0                sleep_ms
 .text.best_effort_wfe_or_timeout
                0x0000000010000fc4       0x80 CMakeFiles/tempSensor.dir/home/baydev/Desktop/xx/pico/pico-sdk/src/common/pico_time/time.c.obj
                0x0000000010000fc4                best_effort_wfe_or_timeout
 .text.hardware_alarm_irq_handler
                0x0000000010001044       0x8c CMakeFiles/tempSensor.dir/home/baydev/Desktop/xx/pico/pico-sdk/src/rp2_common/hardware_timer/timer.c.obj
 .text.hardware_alarm_claim
                0x00000000100010d0       0x18 CMakeFiles/tempSensor.dir/home/baydev/Desktop/xx/pico/pico-sdk/src/rp2_common/hardware_timer/timer.c.obj
                0x00000000100010d0                hardware_alarm_claim
 .text.time_us_64
                0x00000000100010e8       0x18 CMakeFiles/tempSensor.dir/home/baydev/Desktop/xx/pico/pico-sdk/src/rp2_common/hardware_timer/timer.c.obj
                0x00000000100010e8                time_us_64
 .text.busy_wait_until
                0x0000000010001100       0x24 CMakeFiles/tempSensor.dir/home/baydev/Desktop/xx/pico/pico-sdk/src/rp2_common/hardware_timer/timer.c.obj
                0x0000000010001100                busy_wait_until
 .text.hardware_alarm_set_callback
                0x0000000010001124       0x90 CMakeFiles/tempSensor.dir/home/baydev/Desktop/xx/pico/pico-sdk/src/rp2_common/hardware_timer/timer.c.obj
                0x0000000010001124                hardware_alarm_set_callback
 .text.hardware_alarm_set_target
                0x00000000100011b4       0xe8 CMakeFiles/tempSensor.dir/home/baydev/Desktop/xx/pico/pico-sdk/src/rp2_common/hardware_timer/timer.c.obj
                0x00000000100011b4                hardware_alarm_set_target
 .text.hardware_alarm_cancel
                0x000000001000129c       0x40 CMakeFiles/tempSensor.dir/home/baydev/Desktop/xx/pico/pico-sdk/src/rp2_common/hardware_timer/timer.c.obj
                0x000000001000129c                hardware_alarm_cancel
 .text.lock_init
                0x00000000100012dc       0x10 CMakeFiles/tempSensor.dir/home/baydev/Desktop/xx/pico/pico-sdk/src/common/pico_sync/lock_core.c.obj
                0x00000000100012dc                lock_init
 .text.mutex_init
                0x00000000100012ec       0x1a CMakeFiles/tempSensor.dir/home/baydev/Desktop/xx/pico/pico-sdk/src/common/pico_sync/mutex.c.obj
                0x00000000100012ec                mutex_init
 .text.recursive_mutex_init
                0x0000000010001306       0x1e CMakeFiles/tempSensor.dir/home/baydev/Desktop/xx/pico/pico-sdk/src/common/pico_sync/mutex.c.obj
                0x0000000010001306                recursive_mutex_init
 .text.critical_section_init_with_lock_num
                0x0000000010001324       0x14 CMakeFiles/tempSensor.dir/home/baydev/Desktop/xx/pico/pico-sdk/src/common/pico_sync/critical_section.c.obj
                0x0000000010001324                critical_section_init_with_lock_num
 .text.critical_section_init
                0x0000000010001338       0x14 CMakeFiles/tempSensor.dir/home/baydev/Desktop/xx/pico/pico-sdk/src/common/pico_sync/critical_section.c.obj
                0x0000000010001338                critical_section_init
 .text.ph_add_child_node
                0x000000001000134c       0xa4 CMakeFiles/tempSensor.dir/home/baydev/Desktop/xx/pico/pico-sdk/src/common/pico_util/pheap.c.obj
 .text.ph_merge_nodes
                0x00000000100013f0       0x3e CMakeFiles/tempSensor.dir/home/baydev/Desktop/xx/pico/pico-sdk/src/common/pico_util/pheap.c.obj
 *fill*         0x000000001000142e        0x2 
 .text.ph_clear
                0x0000000010001430       0x70 CMakeFiles/tempSensor.dir/home/baydev/Desktop/xx/pico/pico-sdk/src/common/pico_util/pheap.c.obj
                0x0000000010001430                ph_clear
 .text.ph_post_alloc_init
                0x00000000100014a0        0xe CMakeFiles/tempSensor.dir/home/baydev/Desktop/xx/pico/pico-sdk/src/common/pico_util/pheap.c.obj
                0x00000000100014a0                ph_post_alloc_init
 *fill*         0x00000000100014ae        0x2 
 .text.ph_merge_two_pass
                0x00000000100014b0       0xa8 CMakeFiles/tempSensor.dir/home/baydev/Desktop/xx/pico/pico-sdk/src/common/pico_util/pheap.c.obj
                0x00000000100014b0                ph_merge_two_pass
 .text.ph_remove_any_head
                0x0000000010001558      0x108 CMakeFiles/tempSensor.dir/home/baydev/Desktop/xx/pico/pico-sdk/src/common/pico_util/pheap.c.obj
 .text.ph_remove_head
                0x0000000010001660       0x14 CMakeFiles/tempSensor.dir/home/baydev/Desktop/xx/pico/pico-sdk/src/common/pico_util/pheap.c.obj
                0x0000000010001660                ph_remove_head
 .text.ph_remove_and_free_node
                0x0000000010001674       0xf8 CMakeFiles/tempSensor.dir/home/baydev/Desktop/xx/pico/pico-sdk/src/common/pico_util/pheap.c.obj
                0x0000000010001674                ph_remove_and_free_node
 .text._exit    0x000000001000176c        0x4 CMakeFiles/tempSensor.dir/home/baydev/Desktop/xx/pico/pico-sdk/src/rp2_common/pico_runtime/runtime.c.obj
                0x000000001000176c                _exit
 .text.exit     0x0000000010001770        0x6 CMakeFiles/tempSensor.dir/home/baydev/Desktop/xx/pico/pico-sdk/src/rp2_common/pico_runtime/runtime.c.obj
                0x0000000010001770                exit
 *fill*         0x0000000010001776        0x2 
 .text.__assert_func
                0x0000000010001778       0x3c CMakeFiles/tempSensor.dir/home/baydev/Desktop/xx/pico/pico-sdk/src/rp2_common/pico_runtime/runtime.c.obj
                0x0000000010001778                __assert_func
 .text.runtime_init
                0x00000000100017b4       0xf8 CMakeFiles/tempSensor.dir/home/baydev/Desktop/xx/pico/pico-sdk/src/rp2_common/pico_runtime/runtime.c.obj
                0x00000000100017b4                runtime_init
 .text.panic    0x00000000100018ac       0x30 CMakeFiles/tempSensor.dir/home/baydev/Desktop/xx/pico/pico-sdk/src/rp2_common/pico_runtime/runtime.c.obj
                0x00000000100018ac                panic
 .text.clock_configure
                0x00000000100018dc      0x104 CMakeFiles/tempSensor.dir/home/baydev/Desktop/xx/pico/pico-sdk/src/rp2_common/hardware_clocks/clocks.c.obj
                0x00000000100018dc                clock_configure
 .text.clocks_init
                0x00000000100019e0      0x100 CMakeFiles/tempSensor.dir/home/baydev/Desktop/xx/pico/pico-sdk/src/rp2_common/hardware_clocks/clocks.c.obj
                0x00000000100019e0                clocks_init
 .text.set_raw_irq_handler_and_unlock
                0x0000000010001ae0       0x28 CMakeFiles/tempSensor.dir/home/baydev/Desktop/xx/pico/pico-sdk/src/rp2_common/hardware_irq/irq.c.obj
 .text.make_branch
                0x0000000010001b08       0x34 CMakeFiles/tempSensor.dir/home/baydev/Desktop/xx/pico/pico-sdk/src/rp2_common/hardware_irq/irq.c.obj
 .text.insert_branch_and_link
                0x0000000010001b3c       0x40 CMakeFiles/tempSensor.dir/home/baydev/Desktop/xx/pico/pico-sdk/src/rp2_common/hardware_irq/irq.c.obj
 .text.irq_is_enabled
                0x0000000010001b7c       0x18 CMakeFiles/tempSensor.dir/home/baydev/Desktop/xx/pico/pico-sdk/src/rp2_common/hardware_irq/irq.c.obj
                0x0000000010001b7c                irq_is_enabled
 .text.irq_set_mask_enabled
                0x0000000010001b94       0x20 CMakeFiles/tempSensor.dir/home/baydev/Desktop/xx/pico/pico-sdk/src/rp2_common/hardware_irq/irq.c.obj
                0x0000000010001b94                irq_set_mask_enabled
 .text.irq_set_enabled
                0x0000000010001bb4        0xe CMakeFiles/tempSensor.dir/home/baydev/Desktop/xx/pico/pico-sdk/src/rp2_common/hardware_irq/irq.c.obj
                0x0000000010001bb4                irq_set_enabled
 *fill*         0x0000000010001bc2        0x2 
 .text.irq_set_pending
                0x0000000010001bc4       0x10 CMakeFiles/tempSensor.dir/home/baydev/Desktop/xx/pico/pico-sdk/src/rp2_common/hardware_irq/irq.c.obj
                0x0000000010001bc4                irq_set_pending
 .text.irq_get_vtable_handler
                0x0000000010001bd4       0x10 CMakeFiles/tempSensor.dir/home/baydev/Desktop/xx/pico/pico-sdk/src/rp2_common/hardware_irq/irq.c.obj
                0x0000000010001bd4                irq_get_vtable_handler
 .text.irq_set_exclusive_handler
                0x0000000010001be4       0x54 CMakeFiles/tempSensor.dir/home/baydev/Desktop/xx/pico/pico-sdk/src/rp2_common/hardware_irq/irq.c.obj
                0x0000000010001be4                irq_set_exclusive_handler
 .text.irq_remove_handler
                0x0000000010001c38      0x1ac CMakeFiles/tempSensor.dir/home/baydev/Desktop/xx/pico/pico-sdk/src/rp2_common/hardware_irq/irq.c.obj
                0x0000000010001c38                irq_remove_handler
 .text.irq_add_tail_to_free_list
                0x0000000010001de4       0xf0 CMakeFiles/tempSensor.dir/home/baydev/Desktop/xx/pico/pico-sdk/src/rp2_common/hardware_irq/irq.c.obj
                0x0000000010001de4                irq_add_tail_to_free_list
 .text.irq_init_priorities
                0x0000000010001ed4       0x1c CMakeFiles/tempSensor.dir/home/baydev/Desktop/xx/pico/pico-sdk/src/rp2_common/hardware_irq/irq.c.obj
                0x0000000010001ed4                irq_init_priorities
 .text.pll_init
                0x0000000010001ef0      0x118 CMakeFiles/tempSensor.dir/home/baydev/Desktop/xx/pico/pico-sdk/src/rp2_common/hardware_pll/pll.c.obj
                0x0000000010001ef0                pll_init
 .text.watchdog_start_tick
                0x0000000010002008       0x10 CMakeFiles/tempSensor.dir/home/baydev/Desktop/xx/pico/pico-sdk/src/rp2_common/hardware_watchdog/watchdog.c.obj
                0x0000000010002008                watchdog_start_tick
 .text.watchdog_update
                0x0000000010002018       0x14 CMakeFiles/tempSensor.dir/home/baydev/Desktop/xx/pico/pico-sdk/src/rp2_common/hardware_watchdog/watchdog.c.obj
                0x0000000010002018                watchdog_update
 .text._watchdog_enable
                0x000000001000202c       0x78 CMakeFiles/tempSensor.dir/home/baydev/Desktop/xx/pico/pico-sdk/src/rp2_common/hardware_watchdog/watchdog.c.obj
                0x000000001000202c                _watchdog_enable
 .text.watchdog_reboot
                0x00000000100020a4       0x48 CMakeFiles/tempSensor.dir/home/baydev/Desktop/xx/pico/pico-sdk/src/rp2_common/hardware_watchdog/watchdog.c.obj
                0x00000000100020a4                watchdog_reboot
 .text.xosc_init
                0x00000000100020ec       0x28 CMakeFiles/tempSensor.dir/home/baydev/Desktop/xx/pico/pico-sdk/src/rp2_common/hardware_xosc/xosc.c.obj
                0x00000000100020ec                xosc_init
 .text._out_null
                0x0000000010002114        0x2 CMakeFiles/tempSensor.dir/home/baydev/Desktop/xx/pico/pico-sdk/src/rp2_common/pico_printf/printf.c.obj
 .text._out_fct
                0x0000000010002116        0xe CMakeFiles/tempSensor.dir/home/baydev/Desktop/xx/pico/pico-sdk/src/rp2_common/pico_printf/printf.c.obj
 .text._atoi    0x0000000010002124       0x24 CMakeFiles/tempSensor.dir/home/baydev/Desktop/xx/pico/pico-sdk/src/rp2_common/pico_printf/printf.c.obj
 .text._out_rev
                0x0000000010002148       0xae CMakeFiles/tempSensor.dir/home/baydev/Desktop/xx/pico/pico-sdk/src/rp2_common/pico_printf/printf.c.obj
 .text._ntoa_format
                0x00000000100021f6      0x110 CMakeFiles/tempSensor.dir/home/baydev/Desktop/xx/pico/pico-sdk/src/rp2_common/pico_printf/printf.c.obj
 .text._ntoa_long
                0x0000000010002306       0xbc CMakeFiles/tempSensor.dir/home/baydev/Desktop/xx/pico/pico-sdk/src/rp2_common/pico_printf/printf.c.obj
 .text._ntoa_long_long
                0x00000000100023c2       0xe2 CMakeFiles/tempSensor.dir/home/baydev/Desktop/xx/pico/pico-sdk/src/rp2_common/pico_printf/printf.c.obj
 .text._etoa    0x00000000100024a4      0x40c CMakeFiles/tempSensor.dir/home/baydev/Desktop/xx/pico/pico-sdk/src/rp2_common/pico_printf/printf.c.obj
 .text._ftoa    0x00000000100028b0      0x354 CMakeFiles/tempSensor.dir/home/baydev/Desktop/xx/pico/pico-sdk/src/rp2_common/pico_printf/printf.c.obj
 .text._vsnprintf
                0x0000000010002c04      0x628 CMakeFiles/tempSensor.dir/home/baydev/Desktop/xx/pico/pico-sdk/src/rp2_common/pico_printf/printf.c.obj
 .text.vfctprintf
                0x000000001000322c       0x20 CMakeFiles/tempSensor.dir/home/baydev/Desktop/xx/pico/pico-sdk/src/rp2_common/pico_printf/printf.c.obj
                0x000000001000322c                vfctprintf
 .text          0x000000001000324c       0x10 CMakeFiles/tempSensor.dir/home/baydev/Desktop/xx/pico/pico-sdk/src/rp2_common/pico_bit_ops/bit_ops_aeabi.S.obj
 .text.rom_func_lookup
                0x000000001000325c       0x10 CMakeFiles/tempSensor.dir/home/baydev/Desktop/xx/pico/pico-sdk/src/rp2_common/pico_bootrom/bootrom.c.obj
                0x000000001000325c                rom_func_lookup
 .text.rom_data_lookup
                0x000000001000326c       0x10 CMakeFiles/tempSensor.dir/home/baydev/Desktop/xx/pico/pico-sdk/src/rp2_common/pico_bootrom/bootrom.c.obj
                0x000000001000326c                rom_data_lookup
 .text.rom_funcs_lookup
                0x000000001000327c       0x36 CMakeFiles/tempSensor.dir/home/baydev/Desktop/xx/pico/pico-sdk/src/rp2_common/pico_bootrom/bootrom.c.obj
                0x000000001000327c                rom_funcs_lookup
 *fill*         0x00000000100032b2        0x2 
 .text.__wrap___aeabi_idiv
                0x00000000100032b4       0x50 CMakeFiles/tempSensor.dir/home/baydev/Desktop/xx/pico/pico-sdk/src/rp2_common/pico_divider/divider.S.obj
                0x00000000100032b4                __wrap___aeabi_idivmod
                0x00000000100032b4                divmod_s32s32
                0x00000000100032b4                div_s32s32
                0x00000000100032b4                __wrap___aeabi_idiv
                0x00000000100032bc                divmod_s32s32_unsafe
                0x00000000100032e8                divmod_s32s32_savestate
 .text.__wrap___aeabi_uidiv
                0x0000000010003304       0x4c CMakeFiles/tempSensor.dir/home/baydev/Desktop/xx/pico/pico-sdk/src/rp2_common/pico_divider/divider.S.obj
                0x0000000010003304                __wrap___aeabi_uidiv
                0x0000000010003304                __wrap___aeabi_uidivmod
                0x0000000010003304                div_u32u32
                0x0000000010003304                divmod_u32u32
                0x000000001000330c                divmod_u32u32_unsafe
                0x0000000010003334                divmod_u32u32_savestate
 .text.__wrap___aeabi_ldiv
                0x0000000010003350      0x434 CMakeFiles/tempSensor.dir/home/baydev/Desktop/xx/pico/pico-sdk/src/rp2_common/pico_divider/divider.S.obj
                0x0000000010003350                div_s64s64
                0x0000000010003350                divmod_s64s64
                0x0000000010003350                __wrap___aeabi_ldivmod
                0x0000000010003388                div_u64u64
                0x0000000010003388                divmod_u64u64
                0x0000000010003388                __wrap___aeabi_uldivmod
                0x0000000010003398                divmod_u64u64_savestate
                0x00000000100033c0                divmod_s64s64_unsafe
                0x0000000010003448                divmod_u64u64_unsafe
 .text.__wrap___aeabi_darithmetic
                0x0000000010003784       0x80 CMakeFiles/tempSensor.dir/home/baydev/Desktop/xx/pico/pico-sdk/src/rp2_common/pico_double/double_aeabi.S.obj
                0x0000000010003784                __wrap___aeabi_drsub
                0x000000001000378a                __wrap___aeabi_dsub
                0x000000001000379c                __wrap___aeabi_dadd
                0x00000000100037ae                __wrap___aeabi_ddiv
                0x00000000100037ea                __wrap___aeabi_dmul
 .text.__wrap___aeabi_cdcmple
                0x0000000010003804       0x6c CMakeFiles/tempSensor.dir/home/baydev/Desktop/xx/pico/pico-sdk/src/rp2_common/pico_double/double_aeabi.S.obj
                0x0000000010003804                __wrap___aeabi_cdrcmple
                0x0000000010003814                __wrap___aeabi_cdcmple
                0x0000000010003814                __wrap___aeabi_cdcmpeq
 .text.__wrap___aeabi_dcmplt
                0x0000000010003870        0xc CMakeFiles/tempSensor.dir/home/baydev/Desktop/xx/pico/pico-sdk/src/rp2_common/pico_double/double_aeabi.S.obj
                0x0000000010003870                __wrap___aeabi_dcmplt
 .text.__wrap___aeabi_dcmple
                0x000000001000387c       0x10 CMakeFiles/tempSensor.dir/home/baydev/Desktop/xx/pico/pico-sdk/src/rp2_common/pico_double/double_aeabi.S.obj
                0x000000001000387c                __wrap___aeabi_dcmple
 .text.__wrap___aeabi_dcmpge
                0x000000001000388c       0x10 CMakeFiles/tempSensor.dir/home/baydev/Desktop/xx/pico/pico-sdk/src/rp2_common/pico_double/double_aeabi.S.obj
                0x000000001000388c                __wrap___aeabi_dcmpge
 .text.__wrap___aeabi_dcmpgt
                0x000000001000389c        0xa CMakeFiles/tempSensor.dir/home/baydev/Desktop/xx/pico/pico-sdk/src/rp2_common/pico_double/double_aeabi.S.obj
                0x000000001000389c                __wrap___aeabi_dcmpgt
 .text.__wrap___aeabi_dcmpun
                0x00000000100038a6       0x1c CMakeFiles/tempSensor.dir/home/baydev/Desktop/xx/pico/pico-sdk/src/rp2_common/pico_double/double_aeabi.S.obj
                0x00000000100038a6                __wrap___aeabi_dcmpun
 *fill*         0x00000000100038c2        0x2 
 .text.__wrap___aeabi_i2d
                0x00000000100038c4       0x38 CMakeFiles/tempSensor.dir/home/baydev/Desktop/xx/pico/pico-sdk/src/rp2_common/pico_double/double_aeabi.S.obj
                0x00000000100038c4                __wrap___aeabi_ui2d
                0x00000000100038cc                __wrap___aeabi_i2d
 .text.__wrap___aeabi_d2iz
                0x00000000100038fc       0x48 CMakeFiles/tempSensor.dir/home/baydev/Desktop/xx/pico/pico-sdk/src/rp2_common/pico_double/double_aeabi.S.obj
                0x00000000100038fc                __wrap___aeabi_d2iz
                0x00000000100038fc                double2int_z
 .text.__wrap___aeabi_d2uiz
                0x0000000010003944       0x18 CMakeFiles/tempSensor.dir/home/baydev/Desktop/xx/pico/pico-sdk/src/rp2_common/pico_double/double_aeabi.S.obj
                0x0000000010003944                double2uint
                0x0000000010003944                __wrap___aeabi_d2uiz
 .text.__wrap___aeabi_d2f
                0x000000001000395c       0x18 CMakeFiles/tempSensor.dir/home/baydev/Desktop/xx/pico/pico-sdk/src/rp2_common/pico_double/double_aeabi.S.obj
                0x000000001000395c                __wrap___aeabi_d2f
 .text.__aeabi_double_init
                0x0000000010003974       0xc8 CMakeFiles/tempSensor.dir/home/baydev/Desktop/xx/pico/pico-sdk/src/rp2_common/pico_double/double_init_rom.c.obj
                0x0000000010003974                __aeabi_double_init
 .text.double_table_shim_on_use_helper
                0x0000000010003a3c       0x34 CMakeFiles/tempSensor.dir/home/baydev/Desktop/xx/pico/pico-sdk/src/rp2_common/pico_double/double_v1_rom_shim.S.obj
                0x0000000010003a3c                double_table_shim_on_use_helper
 .text.__wrap___aeabi_dsub
                0x0000000010003a70       0x10 CMakeFiles/tempSensor.dir/home/baydev/Desktop/xx/pico/pico-sdk/src/rp2_common/pico_double/double_v1_rom_shim.S.obj
                0x0000000010003a70                drsub_shim
                0x0000000010003a76                dsub_shim
 .text.dadd_shim
                0x0000000010003a80      0x15c CMakeFiles/tempSensor.dir/home/baydev/Desktop/xx/pico/pico-sdk/src/rp2_common/pico_double/double_v1_rom_shim.S.obj
                0x0000000010003a80                dadd_shim
 .text.dmul_shim
                0x0000000010003bdc      0x15c CMakeFiles/tempSensor.dir/home/baydev/Desktop/xx/pico/pico-sdk/src/rp2_common/pico_double/double_v1_rom_shim.S.obj
                0x0000000010003bdc                dmul_shim
 .text.ddiv_shim
                0x0000000010003d38      0x1b0 CMakeFiles/tempSensor.dir/home/baydev/Desktop/xx/pico/pico-sdk/src/rp2_common/pico_double/double_v1_rom_shim.S.obj
                0x0000000010003d38                ddiv_shim
 .text.double2uint_shim
                0x0000000010003ee8        0xe CMakeFiles/tempSensor.dir/home/baydev/Desktop/xx/pico/pico-sdk/src/rp2_common/pico_double/double_v1_rom_shim.S.obj
                0x0000000010003ee8                double2uint_shim
                0x0000000010003eea                double2ufix_shim
 *fill*         0x0000000010003ef6        0x2 
 .text.double2uint64_shim
                0x0000000010003ef8       0x70 CMakeFiles/tempSensor.dir/home/baydev/Desktop/xx/pico/pico-sdk/src/rp2_common/pico_double/double_v1_rom_shim.S.obj
                0x0000000010003ef8                double2uint64_shim
                0x0000000010003efa                double2ufix64_shim
                0x0000000010003f1a                d2fix_a
 .text.double2float_shim
                0x0000000010003f68       0x5c CMakeFiles/tempSensor.dir/home/baydev/Desktop/xx/pico/pico-sdk/src/rp2_common/pico_double/double_v1_rom_shim.S.obj
                0x0000000010003f68                double2float_shim
 .text.dunpacks
                0x0000000010003fc4       0x3c CMakeFiles/tempSensor.dir/home/baydev/Desktop/xx/pico/pico-sdk/src/rp2_common/pico_double/double_v1_rom_shim.S.obj
                0x0000000010003fc4                dunpacks
 .text.__aeabi_lmul
                0x0000000010004000       0x32 CMakeFiles/tempSensor.dir/home/baydev/Desktop/xx/pico/pico-sdk/src/rp2_common/pico_int64_ops/pico_int64_ops_aeabi.S.obj
                0x0000000010004000                __wrap___aeabi_lmul
 *fill*         0x0000000010004032        0x2 
 .text.__wrap___aeabi_farithmetic
                0x0000000010004034       0x58 CMakeFiles/tempSensor.dir/home/baydev/Desktop/xx/pico/pico-sdk/src/rp2_common/pico_float/float_aeabi.S.obj
                0x0000000010004034                __wrap___aeabi_frsub
                0x000000001000403a                __wrap___aeabi_fsub
                0x0000000010004044                __wrap___aeabi_fadd
                0x000000001000404e                __wrap___aeabi_fdiv
                0x000000001000407a                __wrap___aeabi_fmul
 .text.__wrap___aeabi_i2f
                0x000000001000408c       0x44 CMakeFiles/tempSensor.dir/home/baydev/Desktop/xx/pico/pico-sdk/src/rp2_common/pico_float/float_aeabi.S.obj
                0x000000001000408c                __wrap___aeabi_i2f
 .text.__wrap___aeabi_f2d
                0x00000000100040d0       0x14 CMakeFiles/tempSensor.dir/home/baydev/Desktop/xx/pico/pico-sdk/src/rp2_common/pico_float/float_aeabi.S.obj
                0x00000000100040d0                __wrap___aeabi_f2d
 .text.__aeabi_float_init
                0x00000000100040e4       0xfc CMakeFiles/tempSensor.dir/home/baydev/Desktop/xx/pico/pico-sdk/src/rp2_common/pico_float/float_init_rom.c.obj
                0x00000000100040e4                __aeabi_float_init
 .text.float_table_shim_on_use_helper
                0x00000000100041e0       0x34 CMakeFiles/tempSensor.dir/home/baydev/Desktop/xx/pico/pico-sdk/src/rp2_common/pico_float/float_v1_rom_shim.S.obj
                0x00000000100041e0                float_table_shim_on_use_helper
 .text.float2double_shim
                0x0000000010004214       0x30 CMakeFiles/tempSensor.dir/home/baydev/Desktop/xx/pico/pico-sdk/src/rp2_common/pico_float/float_v1_rom_shim.S.obj
                0x0000000010004214                float2double_shim
 .text          0x0000000010004244       0x10 CMakeFiles/tempSensor.dir/home/baydev/Desktop/xx/pico/pico-sdk/src/rp2_common/pico_mem_ops/mem_ops_aeabi.S.obj
                0x0000000010004244                __aeabi_mem_init
 .text.memset   0x0000000010004254        0xc CMakeFiles/tempSensor.dir/home/baydev/Desktop/xx/pico/pico-sdk/src/rp2_common/pico_mem_ops/mem_ops_aeabi.S.obj
                0x0000000010004254                __wrap_memset
 .text.memcpy   0x0000000010004260        0xc CMakeFiles/tempSensor.dir/home/baydev/Desktop/xx/pico/pico-sdk/src/rp2_common/pico_mem_ops/mem_ops_aeabi.S.obj
                0x0000000010004260                __wrap___aeabi_memcpy
                0x0000000010004260                __wrap_memcpy
 .text.stdio_out_chars_no_crlf
                0x000000001000426c        0xe CMakeFiles/tempSensor.dir/home/baydev/Desktop/xx/pico/pico-sdk/src/rp2_common/pico_stdio/stdio.c.obj
 *fill*         0x000000001000427a        0x2 
 .text.stdio_out_chars_crlf
                0x000000001000427c       0x80 CMakeFiles/tempSensor.dir/home/baydev/Desktop/xx/pico/pico-sdk/src/rp2_common/pico_stdio/stdio.c.obj
 .text.stdio_stack_buffer_flush
                0x00000000100042fc       0x44 CMakeFiles/tempSensor.dir/home/baydev/Desktop/xx/pico/pico-sdk/src/rp2_common/pico_stdio/stdio.c.obj
 .text.stdio_buffered_printer
                0x0000000010004340       0x20 CMakeFiles/tempSensor.dir/home/baydev/Desktop/xx/pico/pico-sdk/src/rp2_common/pico_stdio/stdio.c.obj
 .text.stdout_serialize_begin
                0x0000000010004360       0x30 CMakeFiles/tempSensor.dir/home/baydev/Desktop/xx/pico/pico-sdk/src/rp2_common/pico_stdio/stdio.c.obj
                0x0000000010004360                stdout_serialize_begin
 .text.stdout_serialize_end
                0x0000000010004390       0x10 CMakeFiles/tempSensor.dir/home/baydev/Desktop/xx/pico/pico-sdk/src/rp2_common/pico_stdio/stdio.c.obj
                0x0000000010004390                stdout_serialize_end
 .text.stdio_put_string
                0x00000000100043a0       0x98 CMakeFiles/tempSensor.dir/home/baydev/Desktop/xx/pico/pico-sdk/src/rp2_common/pico_stdio/stdio.c.obj
 .text.stdio_set_driver_enabled
                0x0000000010004438       0x38 CMakeFiles/tempSensor.dir/home/baydev/Desktop/xx/pico/pico-sdk/src/rp2_common/pico_stdio/stdio.c.obj
                0x0000000010004438                stdio_set_driver_enabled
 .text.stdio_flush
                0x0000000010004470       0x20 CMakeFiles/tempSensor.dir/home/baydev/Desktop/xx/pico/pico-sdk/src/rp2_common/pico_stdio/stdio.c.obj
                0x0000000010004470                stdio_flush
 .text.__wrap_puts
                0x0000000010004490       0x1e CMakeFiles/tempSensor.dir/home/baydev/Desktop/xx/pico/pico-sdk/src/rp2_common/pico_stdio/stdio.c.obj
                0x0000000010004490                __wrap_puts
 *fill*         0x00000000100044ae        0x2 
 .text.__wrap_vprintf
                0x00000000100044b0       0x44 CMakeFiles/tempSensor.dir/home/baydev/Desktop/xx/pico/pico-sdk/src/rp2_common/pico_stdio/stdio.c.obj
                0x00000000100044b0                __wrap_vprintf
 .text.__wrap_printf
                0x00000000100044f4       0x18 CMakeFiles/tempSensor.dir/home/baydev/Desktop/xx/pico/pico-sdk/src/rp2_common/pico_stdio/stdio.c.obj
                0x00000000100044f4                __wrap_printf
 .text.stdio_init_all
                0x000000001000450c        0x8 CMakeFiles/tempSensor.dir/home/baydev/Desktop/xx/pico/pico-sdk/src/rp2_common/pico_stdio/stdio.c.obj
                0x000000001000450c                stdio_init_all
 .text.resetd_init
                0x0000000010004514        0x2 CMakeFiles/tempSensor.dir/home/baydev/Desktop/xx/pico/pico-sdk/src/rp2_common/pico_stdio_usb/reset_interface.c.obj
 *fill*         0x0000000010004516        0x2 
 .text.resetd_reset
                0x0000000010004518        0xc CMakeFiles/tempSensor.dir/home/baydev/Desktop/xx/pico/pico-sdk/src/rp2_common/pico_stdio_usb/reset_interface.c.obj
 .text.resetd_open
                0x0000000010004524       0x34 CMakeFiles/tempSensor.dir/home/baydev/Desktop/xx/pico/pico-sdk/src/rp2_common/pico_stdio_usb/reset_interface.c.obj
 .text.resetd_xfer_cb
                0x0000000010004558        0x4 CMakeFiles/tempSensor.dir/home/baydev/Desktop/xx/pico/pico-sdk/src/rp2_common/pico_stdio_usb/reset_interface.c.obj
 .text.resetd_control_xfer_cb
                0x000000001000455c       0x6c CMakeFiles/tempSensor.dir/home/baydev/Desktop/xx/pico/pico-sdk/src/rp2_common/pico_stdio_usb/reset_interface.c.obj
 .text.usbd_app_driver_get_cb
                0x00000000100045c8        0xc CMakeFiles/tempSensor.dir/home/baydev/Desktop/xx/pico/pico-sdk/src/rp2_common/pico_stdio_usb/reset_interface.c.obj
                0x00000000100045c8                usbd_app_driver_get_cb
 .text.tud_cdc_line_coding_cb
                0x00000000100045d4       0x34 CMakeFiles/tempSensor.dir/home/baydev/Desktop/xx/pico/pico-sdk/src/rp2_common/pico_stdio_usb/reset_interface.c.obj
                0x00000000100045d4                tud_cdc_line_coding_cb
 .text.stdio_usb_in_chars
                0x0000000010004608       0x70 CMakeFiles/tempSensor.dir/home/baydev/Desktop/xx/pico/pico-sdk/src/rp2_common/pico_stdio_usb/stdio_usb.c.obj
                0x0000000010004608                stdio_usb_in_chars
 .text.low_priority_worker_irq
                0x0000000010004678       0x20 CMakeFiles/tempSensor.dir/home/baydev/Desktop/xx/pico/pico-sdk/src/rp2_common/pico_stdio_usb/stdio_usb.c.obj
 .text.stdio_usb_out_chars
                0x0000000010004698       0xd4 CMakeFiles/tempSensor.dir/home/baydev/Desktop/xx/pico/pico-sdk/src/rp2_common/pico_stdio_usb/stdio_usb.c.obj
 .text.timer_task
                0x000000001000476c       0x10 CMakeFiles/tempSensor.dir/home/baydev/Desktop/xx/pico/pico-sdk/src/rp2_common/pico_stdio_usb/stdio_usb.c.obj
 .text.stdio_usb_init
                0x000000001000477c       0xb8 CMakeFiles/tempSensor.dir/home/baydev/Desktop/xx/pico/pico-sdk/src/rp2_common/pico_stdio_usb/stdio_usb.c.obj
                0x000000001000477c                stdio_usb_init
 .text.tud_descriptor_device_cb
                0x0000000010004834        0x8 CMakeFiles/tempSensor.dir/home/baydev/Desktop/xx/pico/pico-sdk/src/rp2_common/pico_stdio_usb/stdio_usb_descriptors.c.obj
                0x0000000010004834                tud_descriptor_device_cb
 .text.tud_descriptor_configuration_cb
                0x000000001000483c        0x8 CMakeFiles/tempSensor.dir/home/baydev/Desktop/xx/pico/pico-sdk/src/rp2_common/pico_stdio_usb/stdio_usb_descriptors.c.obj
                0x000000001000483c                tud_descriptor_configuration_cb
 .text.tud_descriptor_string_cb
                0x0000000010004844       0x6c CMakeFiles/tempSensor.dir/home/baydev/Desktop/xx/pico/pico-sdk/src/rp2_common/pico_stdio_usb/stdio_usb_descriptors.c.obj
                0x0000000010004844                tud_descriptor_string_cb
 .text.hw_endpoint_get_by_addr
                0x00000000100048b0       0x18 CMakeFiles/tempSensor.dir/home/baydev/Desktop/xx/pico/pico-sdk/lib/tinyusb/src/portable/raspberrypi/rp2040/dcd_rp2040.c.obj
 .text.reset_ep0_pid
                0x00000000100048c8       0x28 CMakeFiles/tempSensor.dir/home/baydev/Desktop/xx/pico/pico-sdk/lib/tinyusb/src/portable/raspberrypi/rp2040/dcd_rp2040.c.obj
 .text._hw_endpoint_alloc
                0x00000000100048f0       0x70 CMakeFiles/tempSensor.dir/home/baydev/Desktop/xx/pico/pico-sdk/lib/tinyusb/src/portable/raspberrypi/rp2040/dcd_rp2040.c.obj
 .text.hw_endpoint_init
                0x0000000010004960       0x88 CMakeFiles/tempSensor.dir/home/baydev/Desktop/xx/pico/pico-sdk/lib/tinyusb/src/portable/raspberrypi/rp2040/dcd_rp2040.c.obj
 .text.reset_non_control_endpoints
                0x00000000100049e8       0x40 CMakeFiles/tempSensor.dir/home/baydev/Desktop/xx/pico/pico-sdk/lib/tinyusb/src/portable/raspberrypi/rp2040/dcd_rp2040.c.obj
 .text.hw_handle_buff_status
                0x0000000010004a28       0x8c CMakeFiles/tempSensor.dir/home/baydev/Desktop/xx/pico/pico-sdk/lib/tinyusb/src/portable/raspberrypi/rp2040/dcd_rp2040.c.obj
 .text.dcd_rp2040_irq
                0x0000000010004ab4       0xc0 CMakeFiles/tempSensor.dir/home/baydev/Desktop/xx/pico/pico-sdk/lib/tinyusb/src/portable/raspberrypi/rp2040/dcd_rp2040.c.obj
 .text.hw_endpoint_xfer
                0x0000000010004b74       0x14 CMakeFiles/tempSensor.dir/home/baydev/Desktop/xx/pico/pico-sdk/lib/tinyusb/src/portable/raspberrypi/rp2040/dcd_rp2040.c.obj
 .text.dcd_int_enable
                0x0000000010004b88       0x2c CMakeFiles/tempSensor.dir/home/baydev/Desktop/xx/pico/pico-sdk/lib/tinyusb/src/portable/raspberrypi/rp2040/dcd_rp2040.c.obj
                0x0000000010004b88                dcd_int_enable
 .text.dcd_set_address
                0x0000000010004bb4       0x2c CMakeFiles/tempSensor.dir/home/baydev/Desktop/xx/pico/pico-sdk/lib/tinyusb/src/portable/raspberrypi/rp2040/dcd_rp2040.c.obj
                0x0000000010004bb4                dcd_set_address
 .text.dcd_connect
                0x0000000010004be0       0x10 CMakeFiles/tempSensor.dir/home/baydev/Desktop/xx/pico/pico-sdk/lib/tinyusb/src/portable/raspberrypi/rp2040/dcd_rp2040.c.obj
                0x0000000010004be0                dcd_connect
 .text.dcd_init
                0x0000000010004bf0       0x7c CMakeFiles/tempSensor.dir/home/baydev/Desktop/xx/pico/pico-sdk/lib/tinyusb/src/portable/raspberrypi/rp2040/dcd_rp2040.c.obj
                0x0000000010004bf0                dcd_init
 .text.dcd_edpt0_status_complete
                0x0000000010004c6c       0x1c CMakeFiles/tempSensor.dir/home/baydev/Desktop/xx/pico/pico-sdk/lib/tinyusb/src/portable/raspberrypi/rp2040/dcd_rp2040.c.obj
                0x0000000010004c6c                dcd_edpt0_status_complete
 .text.dcd_edpt_open
                0x0000000010004c88       0x40 CMakeFiles/tempSensor.dir/home/baydev/Desktop/xx/pico/pico-sdk/lib/tinyusb/src/portable/raspberrypi/rp2040/dcd_rp2040.c.obj
                0x0000000010004c88                dcd_edpt_open
 .text.dcd_edpt_close_all
                0x0000000010004cc8        0x8 CMakeFiles/tempSensor.dir/home/baydev/Desktop/xx/pico/pico-sdk/lib/tinyusb/src/portable/raspberrypi/rp2040/dcd_rp2040.c.obj
                0x0000000010004cc8                dcd_edpt_close_all
 .text.dcd_edpt_xfer
                0x0000000010004cd0       0x30 CMakeFiles/tempSensor.dir/home/baydev/Desktop/xx/pico/pico-sdk/lib/tinyusb/src/portable/raspberrypi/rp2040/dcd_rp2040.c.obj
                0x0000000010004cd0                dcd_edpt_xfer
 .text.dcd_edpt_stall
                0x0000000010004d00       0x2c CMakeFiles/tempSensor.dir/home/baydev/Desktop/xx/pico/pico-sdk/lib/tinyusb/src/portable/raspberrypi/rp2040/dcd_rp2040.c.obj
                0x0000000010004d00                dcd_edpt_stall
 .text.dcd_edpt_clear_stall
                0x0000000010004d2c       0x20 CMakeFiles/tempSensor.dir/home/baydev/Desktop/xx/pico/pico-sdk/lib/tinyusb/src/portable/raspberrypi/rp2040/dcd_rp2040.c.obj
                0x0000000010004d2c                dcd_edpt_clear_stall
 .text.prepare_ep_buffer
                0x0000000010004d4c       0x70 CMakeFiles/tempSensor.dir/home/baydev/Desktop/xx/pico/pico-sdk/lib/tinyusb/src/portable/raspberrypi/rp2040/rp2040_usb.c.obj
 .text.sync_ep_buffer
                0x0000000010004dbc       0x7c CMakeFiles/tempSensor.dir/home/baydev/Desktop/xx/pico/pico-sdk/lib/tinyusb/src/portable/raspberrypi/rp2040/rp2040_usb.c.obj
 .text._hw_endpoint_xfer_sync
                0x0000000010004e38       0x28 CMakeFiles/tempSensor.dir/home/baydev/Desktop/xx/pico/pico-sdk/lib/tinyusb/src/portable/raspberrypi/rp2040/rp2040_usb.c.obj
 .text.rp2040_usb_init
                0x0000000010004e60       0x4c CMakeFiles/tempSensor.dir/home/baydev/Desktop/xx/pico/pico-sdk/lib/tinyusb/src/portable/raspberrypi/rp2040/rp2040_usb.c.obj
                0x0000000010004e60                rp2040_usb_init
 .text.hw_endpoint_reset_transfer
                0x0000000010004eac        0xc CMakeFiles/tempSensor.dir/home/baydev/Desktop/xx/pico/pico-sdk/lib/tinyusb/src/portable/raspberrypi/rp2040/rp2040_usb.c.obj
                0x0000000010004eac                hw_endpoint_reset_transfer
 .text._hw_endpoint_buffer_control_update32
                0x0000000010004eb8       0x58 CMakeFiles/tempSensor.dir/home/baydev/Desktop/xx/pico/pico-sdk/lib/tinyusb/src/portable/raspberrypi/rp2040/rp2040_usb.c.obj
                0x0000000010004eb8                _hw_endpoint_buffer_control_update32
 .text._hw_endpoint_start_next_buffer
                0x0000000010004f10       0x74 CMakeFiles/tempSensor.dir/home/baydev/Desktop/xx/pico/pico-sdk/lib/tinyusb/src/portable/raspberrypi/rp2040/rp2040_usb.c.obj
 .text.hw_endpoint_xfer_start
                0x0000000010004f84       0x48 CMakeFiles/tempSensor.dir/home/baydev/Desktop/xx/pico/pico-sdk/lib/tinyusb/src/portable/raspberrypi/rp2040/rp2040_usb.c.obj
                0x0000000010004f84                hw_endpoint_xfer_start
 .text.hw_endpoint_xfer_continue
                0x0000000010004fcc       0x38 CMakeFiles/tempSensor.dir/home/baydev/Desktop/xx/pico/pico-sdk/lib/tinyusb/src/portable/raspberrypi/rp2040/rp2040_usb.c.obj
                0x0000000010004fcc                hw_endpoint_xfer_continue
 .text.configuration_reset
                0x0000000010005004       0x84 CMakeFiles/tempSensor.dir/home/baydev/Desktop/xx/pico/pico-sdk/lib/tinyusb/src/device/usbd.c.obj
 .text.usbd_reset
                0x0000000010005088        0xc CMakeFiles/tempSensor.dir/home/baydev/Desktop/xx/pico/pico-sdk/lib/tinyusb/src/device/usbd.c.obj
 .text.invoke_class_control
                0x0000000010005094       0x1a CMakeFiles/tempSensor.dir/home/baydev/Desktop/xx/pico/pico-sdk/lib/tinyusb/src/device/usbd.c.obj
 *fill*         0x00000000100050ae        0x2 
 .text.process_set_config
                0x00000000100050b0      0x1ac CMakeFiles/tempSensor.dir/home/baydev/Desktop/xx/pico/pico-sdk/lib/tinyusb/src/device/usbd.c.obj
 .text.process_get_descriptor
                0x000000001000525c       0xec CMakeFiles/tempSensor.dir/home/baydev/Desktop/xx/pico/pico-sdk/lib/tinyusb/src/device/usbd.c.obj
 .text.tud_mounted
                0x0000000010005348       0x10 CMakeFiles/tempSensor.dir/home/baydev/Desktop/xx/pico/pico-sdk/lib/tinyusb/src/device/usbd.c.obj
                0x0000000010005348                tud_mounted
 .text.tud_suspended
                0x0000000010005358       0x10 CMakeFiles/tempSensor.dir/home/baydev/Desktop/xx/pico/pico-sdk/lib/tinyusb/src/device/usbd.c.obj
                0x0000000010005358                tud_suspended
 .text.tud_inited
                0x0000000010005368        0xc CMakeFiles/tempSensor.dir/home/baydev/Desktop/xx/pico/pico-sdk/lib/tinyusb/src/device/usbd.c.obj
                0x0000000010005368                tud_inited
 .text.tud_init
                0x0000000010005374       0xcc CMakeFiles/tempSensor.dir/home/baydev/Desktop/xx/pico/pico-sdk/lib/tinyusb/src/device/usbd.c.obj
                0x0000000010005374                tud_init
 .text.dcd_event_handler
                0x0000000010005440      0x1e0 CMakeFiles/tempSensor.dir/home/baydev/Desktop/xx/pico/pico-sdk/lib/tinyusb/src/device/usbd.c.obj
                0x0000000010005440                dcd_event_handler
 .text.dcd_event_bus_signal
                0x0000000010005620       0x26 CMakeFiles/tempSensor.dir/home/baydev/Desktop/xx/pico/pico-sdk/lib/tinyusb/src/device/usbd.c.obj
                0x0000000010005620                dcd_event_bus_signal
 .text.dcd_event_bus_reset
                0x0000000010005646       0x2a CMakeFiles/tempSensor.dir/home/baydev/Desktop/xx/pico/pico-sdk/lib/tinyusb/src/device/usbd.c.obj
                0x0000000010005646                dcd_event_bus_reset
 .text.dcd_event_setup_received
                0x0000000010005670       0x34 CMakeFiles/tempSensor.dir/home/baydev/Desktop/xx/pico/pico-sdk/lib/tinyusb/src/device/usbd.c.obj
                0x0000000010005670                dcd_event_setup_received
 .text.dcd_event_xfer_complete
                0x00000000100056a4       0x44 CMakeFiles/tempSensor.dir/home/baydev/Desktop/xx/pico/pico-sdk/lib/tinyusb/src/device/usbd.c.obj
                0x00000000100056a4                dcd_event_xfer_complete
 .text.usbd_edpt_open
                0x00000000100056e8       0x58 CMakeFiles/tempSensor.dir/home/baydev/Desktop/xx/pico/pico-sdk/lib/tinyusb/src/device/usbd.c.obj
                0x00000000100056e8                usbd_edpt_open
 .text.usbd_open_edpt_pair
                0x0000000010005740       0x8c CMakeFiles/tempSensor.dir/home/baydev/Desktop/xx/pico/pico-sdk/lib/tinyusb/src/device/usbd.c.obj
                0x0000000010005740                usbd_open_edpt_pair
 .text.usbd_edpt_claim
                0x00000000100057cc       0x8c CMakeFiles/tempSensor.dir/home/baydev/Desktop/xx/pico/pico-sdk/lib/tinyusb/src/device/usbd.c.obj
                0x00000000100057cc                usbd_edpt_claim
 .text.usbd_edpt_release
                0x0000000010005858       0x68 CMakeFiles/tempSensor.dir/home/baydev/Desktop/xx/pico/pico-sdk/lib/tinyusb/src/device/usbd.c.obj
                0x0000000010005858                usbd_edpt_release
 .text.usbd_edpt_xfer
                0x00000000100058c0       0x80 CMakeFiles/tempSensor.dir/home/baydev/Desktop/xx/pico/pico-sdk/lib/tinyusb/src/device/usbd.c.obj
                0x00000000100058c0                usbd_edpt_xfer
 .text.usbd_edpt_stall
                0x0000000010005940       0x40 CMakeFiles/tempSensor.dir/home/baydev/Desktop/xx/pico/pico-sdk/lib/tinyusb/src/device/usbd.c.obj
                0x0000000010005940                usbd_edpt_stall
 .text.usbd_edpt_clear_stall
                0x0000000010005980       0x40 CMakeFiles/tempSensor.dir/home/baydev/Desktop/xx/pico/pico-sdk/lib/tinyusb/src/device/usbd.c.obj
                0x0000000010005980                usbd_edpt_clear_stall
 .text.usbd_edpt_stalled
                0x00000000100059c0       0x1c CMakeFiles/tempSensor.dir/home/baydev/Desktop/xx/pico/pico-sdk/lib/tinyusb/src/device/usbd.c.obj
                0x00000000100059c0                usbd_edpt_stalled
 .text.process_control_request
                0x00000000100059dc      0x3b8 CMakeFiles/tempSensor.dir/home/baydev/Desktop/xx/pico/pico-sdk/lib/tinyusb/src/device/usbd.c.obj
 .text.tud_task
                0x0000000010005d94      0x218 CMakeFiles/tempSensor.dir/home/baydev/Desktop/xx/pico/pico-sdk/lib/tinyusb/src/device/usbd.c.obj
                0x0000000010005d94                tud_task
 .text._data_stage_xact
                0x0000000010005fac       0x58 CMakeFiles/tempSensor.dir/home/baydev/Desktop/xx/pico/pico-sdk/lib/tinyusb/src/device/usbd_control.c.obj
 .text.tud_control_status
                0x0000000010006004       0x38 CMakeFiles/tempSensor.dir/home/baydev/Desktop/xx/pico/pico-sdk/lib/tinyusb/src/device/usbd_control.c.obj
                0x0000000010006004                tud_control_status
 .text.tud_control_xfer
                0x000000001000603c       0xa8 CMakeFiles/tempSensor.dir/home/baydev/Desktop/xx/pico/pico-sdk/lib/tinyusb/src/device/usbd_control.c.obj
                0x000000001000603c                tud_control_xfer
 .text.usbd_control_reset
                0x00000000100060e4       0x14 CMakeFiles/tempSensor.dir/home/baydev/Desktop/xx/pico/pico-sdk/lib/tinyusb/src/device/usbd_control.c.obj
                0x00000000100060e4                usbd_control_reset
 .text.usbd_control_set_complete_callback
                0x00000000100060f8        0xc CMakeFiles/tempSensor.dir/home/baydev/Desktop/xx/pico/pico-sdk/lib/tinyusb/src/device/usbd_control.c.obj
                0x00000000100060f8                usbd_control_set_complete_callback
 .text.usbd_control_set_request
                0x0000000010006104       0x1c CMakeFiles/tempSensor.dir/home/baydev/Desktop/xx/pico/pico-sdk/lib/tinyusb/src/device/usbd_control.c.obj
                0x0000000010006104                usbd_control_set_request
 .text.usbd_control_xfer_cb
                0x0000000010006120       0xfc CMakeFiles/tempSensor.dir/home/baydev/Desktop/xx/pico/pico-sdk/lib/tinyusb/src/device/usbd_control.c.obj
                0x0000000010006120                usbd_control_xfer_cb
 .text._prep_out_transaction
                0x000000001000621c       0x46 CMakeFiles/tempSensor.dir/home/baydev/Desktop/xx/pico/pico-sdk/lib/tinyusb/src/class/cdc/cdc_device.c.obj
 *fill*         0x0000000010006262        0x2 
 .text.tud_cdc_n_connected
                0x0000000010006264       0x44 CMakeFiles/tempSensor.dir/home/baydev/Desktop/xx/pico/pico-sdk/lib/tinyusb/src/class/cdc/cdc_device.c.obj
                0x0000000010006264                tud_cdc_n_connected
 .text.tud_cdc_n_available
                0x00000000100062a8       0x18 CMakeFiles/tempSensor.dir/home/baydev/Desktop/xx/pico/pico-sdk/lib/tinyusb/src/class/cdc/cdc_device.c.obj
                0x00000000100062a8                tud_cdc_n_available
 .text.tud_cdc_n_read
                0x00000000100062c0       0x28 CMakeFiles/tempSensor.dir/home/baydev/Desktop/xx/pico/pico-sdk/lib/tinyusb/src/class/cdc/cdc_device.c.obj
                0x00000000100062c0                tud_cdc_n_read
 .text.tud_cdc_n_write_flush
                0x00000000100062e8       0xcc CMakeFiles/tempSensor.dir/home/baydev/Desktop/xx/pico/pico-sdk/lib/tinyusb/src/class/cdc/cdc_device.c.obj
                0x00000000100062e8                tud_cdc_n_write_flush
 .text.tud_cdc_n_write
                0x00000000100063b4       0x38 CMakeFiles/tempSensor.dir/home/baydev/Desktop/xx/pico/pico-sdk/lib/tinyusb/src/class/cdc/cdc_device.c.obj
                0x00000000100063b4                tud_cdc_n_write
 .text.tud_cdc_n_write_available
                0x00000000100063ec       0x1c CMakeFiles/tempSensor.dir/home/baydev/Desktop/xx/pico/pico-sdk/lib/tinyusb/src/class/cdc/cdc_device.c.obj
                0x00000000100063ec                tud_cdc_n_write_available
 .text.cdcd_init
                0x0000000010006408       0xbc CMakeFiles/tempSensor.dir/home/baydev/Desktop/xx/pico/pico-sdk/lib/tinyusb/src/class/cdc/cdc_device.c.obj
                0x0000000010006408                cdcd_init
 .text.cdcd_reset
                0x00000000100064c4       0x44 CMakeFiles/tempSensor.dir/home/baydev/Desktop/xx/pico/pico-sdk/lib/tinyusb/src/class/cdc/cdc_device.c.obj
                0x00000000100064c4                cdcd_reset
 .text.cdcd_open
                0x0000000010006508       0xf8 CMakeFiles/tempSensor.dir/home/baydev/Desktop/xx/pico/pico-sdk/lib/tinyusb/src/class/cdc/cdc_device.c.obj
                0x0000000010006508                cdcd_open
 .text.cdcd_control_xfer_cb
                0x0000000010006600      0x134 CMakeFiles/tempSensor.dir/home/baydev/Desktop/xx/pico/pico-sdk/lib/tinyusb/src/class/cdc/cdc_device.c.obj
                0x0000000010006600                cdcd_control_xfer_cb
 .text.cdcd_xfer_cb
                0x0000000010006734      0x144 CMakeFiles/tempSensor.dir/home/baydev/Desktop/xx/pico/pico-sdk/lib/tinyusb/src/class/cdc/cdc_device.c.obj
                0x0000000010006734                cdcd_xfer_cb
 .text.tusb_init
                0x0000000010006878       0x24 CMakeFiles/tempSensor.dir/home/baydev/Desktop/xx/pico/pico-sdk/lib/tinyusb/src/tusb.c.obj
                0x0000000010006878                tusb_init
 .text.tusb_inited
                0x000000001000689c        0xe CMakeFiles/tempSensor.dir/home/baydev/Desktop/xx/pico/pico-sdk/lib/tinyusb/src/tusb.c.obj
                0x000000001000689c                tusb_inited
 *fill*         0x00000000100068aa        0x2 
 .text.tu_edpt_validate
                0x00000000100068ac       0xa8 CMakeFiles/tempSensor.dir/home/baydev/Desktop/xx/pico/pico-sdk/lib/tinyusb/src/tusb.c.obj
                0x00000000100068ac                tu_edpt_validate
 .text.tu_edpt_bind_driver
                0x0000000010006954       0x2a CMakeFiles/tempSensor.dir/home/baydev/Desktop/xx/pico/pico-sdk/lib/tinyusb/src/tusb.c.obj
                0x0000000010006954                tu_edpt_bind_driver
 .text.advance_pointer
                0x000000001000697e       0x18 CMakeFiles/tempSensor.dir/home/baydev/Desktop/xx/pico/pico-sdk/lib/tinyusb/src/common/tusb_fifo.c.obj
 .text.backward_pointer
                0x0000000010006996       0x1e CMakeFiles/tempSensor.dir/home/baydev/Desktop/xx/pico/pico-sdk/lib/tinyusb/src/common/tusb_fifo.c.obj
 .text.get_relative_pointer
                0x00000000100069b4       0x10 CMakeFiles/tempSensor.dir/home/baydev/Desktop/xx/pico/pico-sdk/lib/tinyusb/src/common/tusb_fifo.c.obj
 .text._tu_fifo_peek
                0x00000000100069c4       0x50 CMakeFiles/tempSensor.dir/home/baydev/Desktop/xx/pico/pico-sdk/lib/tinyusb/src/common/tusb_fifo.c.obj
 .text._ff_pull_const_addr
                0x0000000010006a14       0x4c CMakeFiles/tempSensor.dir/home/baydev/Desktop/xx/pico/pico-sdk/lib/tinyusb/src/common/tusb_fifo.c.obj
 .text._ff_pull_n
                0x0000000010006a60      0x10c CMakeFiles/tempSensor.dir/home/baydev/Desktop/xx/pico/pico-sdk/lib/tinyusb/src/common/tusb_fifo.c.obj
 .text._tu_fifo_peek_n
                0x0000000010006b6c       0x5e CMakeFiles/tempSensor.dir/home/baydev/Desktop/xx/pico/pico-sdk/lib/tinyusb/src/common/tusb_fifo.c.obj
 .text._tu_fifo_read_n
                0x0000000010006bca       0x4e CMakeFiles/tempSensor.dir/home/baydev/Desktop/xx/pico/pico-sdk/lib/tinyusb/src/common/tusb_fifo.c.obj
 .text._ff_push_const_addr
                0x0000000010006c18       0x40 CMakeFiles/tempSensor.dir/home/baydev/Desktop/xx/pico/pico-sdk/lib/tinyusb/src/common/tusb_fifo.c.obj
 .text._ff_push_n
                0x0000000010006c58      0x106 CMakeFiles/tempSensor.dir/home/baydev/Desktop/xx/pico/pico-sdk/lib/tinyusb/src/common/tusb_fifo.c.obj
 .text._tu_fifo_write_n
                0x0000000010006d5e       0x9e CMakeFiles/tempSensor.dir/home/baydev/Desktop/xx/pico/pico-sdk/lib/tinyusb/src/common/tusb_fifo.c.obj
 .text.tu_fifo_config
                0x0000000010006dfc       0x72 CMakeFiles/tempSensor.dir/home/baydev/Desktop/xx/pico/pico-sdk/lib/tinyusb/src/common/tusb_fifo.c.obj
                0x0000000010006dfc                tu_fifo_config
 .text.tu_fifo_count
                0x0000000010006e6e       0x26 CMakeFiles/tempSensor.dir/home/baydev/Desktop/xx/pico/pico-sdk/lib/tinyusb/src/common/tusb_fifo.c.obj
                0x0000000010006e6e                tu_fifo_count
 .text.tu_fifo_empty
                0x0000000010006e94        0xe CMakeFiles/tempSensor.dir/home/baydev/Desktop/xx/pico/pico-sdk/lib/tinyusb/src/common/tusb_fifo.c.obj
                0x0000000010006e94                tu_fifo_empty
 .text.tu_fifo_remaining
                0x0000000010006ea2       0x20 CMakeFiles/tempSensor.dir/home/baydev/Desktop/xx/pico/pico-sdk/lib/tinyusb/src/common/tusb_fifo.c.obj
                0x0000000010006ea2                tu_fifo_remaining
 .text.tu_fifo_read
                0x0000000010006ec2       0x42 CMakeFiles/tempSensor.dir/home/baydev/Desktop/xx/pico/pico-sdk/lib/tinyusb/src/common/tusb_fifo.c.obj
                0x0000000010006ec2                tu_fifo_read
 .text.tu_fifo_read_n
                0x0000000010006f04        0xa CMakeFiles/tempSensor.dir/home/baydev/Desktop/xx/pico/pico-sdk/lib/tinyusb/src/common/tusb_fifo.c.obj
                0x0000000010006f04                tu_fifo_read_n
 .text.tu_fifo_write
                0x0000000010006f0e       0x6c CMakeFiles/tempSensor.dir/home/baydev/Desktop/xx/pico/pico-sdk/lib/tinyusb/src/common/tusb_fifo.c.obj
                0x0000000010006f0e                tu_fifo_write
 .text.tu_fifo_write_n
                0x0000000010006f7a        0xa CMakeFiles/tempSensor.dir/home/baydev/Desktop/xx/pico/pico-sdk/lib/tinyusb/src/common/tusb_fifo.c.obj
                0x0000000010006f7a                tu_fifo_write_n
 .text.tu_fifo_clear
                0x0000000010006f84       0x4c CMakeFiles/tempSensor.dir/home/baydev/Desktop/xx/pico/pico-sdk/lib/tinyusb/src/common/tusb_fifo.c.obj
                0x0000000010006f84                tu_fifo_clear
 .text.tu_fifo_set_overwritable
                0x0000000010006fd0       0x3c CMakeFiles/tempSensor.dir/home/baydev/Desktop/xx/pico/pico-sdk/lib/tinyusb/src/common/tusb_fifo.c.obj
                0x0000000010006fd0                tu_fifo_set_overwritable
 .text._retrieve_unique_id_on_boot
                0x000000001000700c       0x10 CMakeFiles/tempSensor.dir/home/baydev/Desktop/xx/pico/pico-sdk/src/rp2_common/pico_unique_id/unique_id.c.obj
 .text.pico_get_unique_board_id_string
                0x000000001000701c       0x60 CMakeFiles/tempSensor.dir/home/baydev/Desktop/xx/pico/pico-sdk/src/rp2_common/pico_unique_id/unique_id.c.obj
                0x000000001000701c                pico_get_unique_board_id_string
 .text.flash_get_unique_id
                0x000000001000707c       0x46 CMakeFiles/tempSensor.dir/home/baydev/Desktop/xx/pico/pico-sdk/src/rp2_common/hardware_flash/flash.c.obj
                0x000000001000707c                flash_get_unique_id
 *fill*         0x00000000100070c2        0x2 
 .text.adc_init
                0x00000000100070c4       0x34 CMakeFiles/tempSensor.dir/home/baydev/Desktop/xx/pico/pico-sdk/src/rp2_common/hardware_adc/adc.c.obj
                0x00000000100070c4                adc_init
 .text          0x00000000100070f8       0x5c /usr/lib/gcc/arm-none-eabi/9.2.1/../../../arm-none-eabi/lib/thumb/v6-m/nofp/libg.a(lib_a-strlen-stub.o)
                0x00000000100070f8                strlen
 *(.fini)
 .fini          0x0000000010007154        0x4 /usr/lib/gcc/arm-none-eabi/9.2.1/thumb/v6-m/nofp/crti.o
                0x0000000010007154                _fini
 .fini.__stub   0x0000000010007158       0x70 linker stubs
 *crtbegin.o(.ctors)
 *crtbegin?.o(.ctors)
 *(EXCLUDE_FILE(*crtend.o *crtend?.o) .ctors)
 *(SORT_BY_NAME(.ctors.*))
 *(.ctors)
 *crtbegin.o(.dtors)
 *crtbegin?.o(.dtors)
 *(EXCLUDE_FILE(*crtend.o *crtend?.o) .dtors)
 *(SORT_BY_NAME(.dtors.*))
 *(.dtors)
 *(.eh_frame*)
 .eh_frame      0x00000000100071c8        0x0 /usr/lib/gcc/arm-none-eabi/9.2.1/thumb/v6-m/nofp/crtbegin.o
                0x00000000100071c8                . = ALIGN (0x4)

.glue_7         0x00000000100071c8        0x0
 .glue_7        0x00000000100071c8        0x0 linker stubs

.glue_7t        0x00000000100071c8        0x0
 .glue_7t       0x00000000100071c8        0x0 linker stubs

.vfp11_veneer   0x00000000100071c8        0x0
 .vfp11_veneer  0x00000000100071c8        0x0 linker stubs

.v4_bx          0x00000000100071c8        0x0
 .v4_bx         0x00000000100071c8        0x0 linker stubs

.iplt           0x00000000100071c8        0x0
 .iplt          0x00000000100071c8        0x0 /usr/lib/gcc/arm-none-eabi/9.2.1/thumb/v6-m/nofp/crtbegin.o

.rodata         0x00000000100071c8     0x164c
 *(EXCLUDE_FILE(*libm.a: *libc.a:*lib_a-mem*.o *libgcc.a:) .rodata*)
 .rodata.main.str1.4
                0x00000000100071c8        0xd CMakeFiles/tempSensor.dir/src/main.c.obj
 *fill*         0x00000000100071d5        0x3 
 .rodata.spin_lock_claim_unused.str1.4
                0x00000000100071d8       0x1b CMakeFiles/tempSensor.dir/home/baydev/Desktop/xx/pico/pico-sdk/src/rp2_common/hardware_sync/sync.c.obj
 *fill*         0x00000000100071f3        0x1 
 .rodata.repeating_timer_callback.str1.4
                0x00000000100071f4       0x56 CMakeFiles/tempSensor.dir/home/baydev/Desktop/xx/pico/pico-sdk/src/common/pico_time/time.c.obj
 *fill*         0x000000001000724a        0x2 
 .rodata.alarm_pool_dump_key.str1.4
                0x000000001000724c       0x33 CMakeFiles/tempSensor.dir/home/baydev/Desktop/xx/pico/pico-sdk/src/common/pico_time/time.c.obj
 *fill*         0x000000001000727f        0x1 
 .rodata.ph_add_child_node.str1.4
                0x0000000010007280       0xa2 CMakeFiles/tempSensor.dir/home/baydev/Desktop/xx/pico/pico-sdk/src/common/pico_time/time.c.obj
 *fill*         0x0000000010007322        0x2 
 .rodata.add_alarm_under_lock.str1.4
                0x0000000010007324       0x28 CMakeFiles/tempSensor.dir/home/baydev/Desktop/xx/pico/pico-sdk/src/common/pico_time/time.c.obj
                                         0x2b (size before relaxing)
 .rodata.alarm_pool_alarm_callback.str1.4
                0x000000001000734c       0xee CMakeFiles/tempSensor.dir/home/baydev/Desktop/xx/pico/pico-sdk/src/common/pico_time/time.c.obj
 *fill*         0x000000001000743a        0x2 
 .rodata.alarm_pool_get_default.str1.4
                0x000000001000743c       0x21 CMakeFiles/tempSensor.dir/home/baydev/Desktop/xx/pico/pico-sdk/src/common/pico_time/time.c.obj
 *fill*         0x000000001000745d        0x3 
 .rodata.alarm_pool_cancel_alarm.str1.4
                0x0000000010007460       0x27 CMakeFiles/tempSensor.dir/home/baydev/Desktop/xx/pico/pico-sdk/src/common/pico_time/time.c.obj
 *fill*         0x0000000010007487        0x1 
 .rodata.sleep_until.str1.4
                0x0000000010007488       0x4d CMakeFiles/tempSensor.dir/home/baydev/Desktop/xx/pico/pico-sdk/src/common/pico_time/time.c.obj
 *fill*         0x00000000100074d5        0x3 
 .rodata.__func__.5701
                0x00000000100074d8       0x15 CMakeFiles/tempSensor.dir/home/baydev/Desktop/xx/pico/pico-sdk/src/common/pico_time/time.c.obj
 *fill*         0x00000000100074ed        0x3 
 .rodata.__func__.6007
                0x00000000100074f0        0xc CMakeFiles/tempSensor.dir/home/baydev/Desktop/xx/pico/pico-sdk/src/common/pico_time/time.c.obj
 .rodata.__func__.6014
                0x00000000100074fc       0x12 CMakeFiles/tempSensor.dir/home/baydev/Desktop/xx/pico/pico-sdk/src/common/pico_time/time.c.obj
 *fill*         0x000000001000750e        0x2 
 .rodata.__func__.6030
                0x0000000010007510        0xf CMakeFiles/tempSensor.dir/home/baydev/Desktop/xx/pico/pico-sdk/src/common/pico_time/time.c.obj
 *fill*         0x000000001000751f        0x1 
 .rodata.__func__.6052
                0x0000000010007520        0xd CMakeFiles/tempSensor.dir/home/baydev/Desktop/xx/pico/pico-sdk/src/common/pico_time/time.c.obj
 *fill*         0x000000001000752d        0x3 
 .rodata.__func__.6276
                0x0000000010007530        0xa CMakeFiles/tempSensor.dir/home/baydev/Desktop/xx/pico/pico-sdk/src/common/pico_time/time.c.obj
 *fill*         0x000000001000753a        0x2 
 .rodata.__func__.6281
                0x000000001000753c       0x12 CMakeFiles/tempSensor.dir/home/baydev/Desktop/xx/pico/pico-sdk/src/common/pico_time/time.c.obj
 *fill*         0x000000001000754e        0x2 
 .rodata.__func__.6296
                0x0000000010007550       0x17 CMakeFiles/tempSensor.dir/home/baydev/Desktop/xx/pico/pico-sdk/src/common/pico_time/time.c.obj
 *fill*         0x0000000010007567        0x1 
 .rodata.__func__.6307
                0x0000000010007568       0x15 CMakeFiles/tempSensor.dir/home/baydev/Desktop/xx/pico/pico-sdk/src/common/pico_time/time.c.obj
 *fill*         0x000000001000757d        0x3 
 .rodata.__func__.6324
                0x0000000010007580       0x1a CMakeFiles/tempSensor.dir/home/baydev/Desktop/xx/pico/pico-sdk/src/common/pico_time/time.c.obj
 *fill*         0x000000001000759a        0x2 
 .rodata.__func__.6363
                0x000000001000759c       0x18 CMakeFiles/tempSensor.dir/home/baydev/Desktop/xx/pico/pico-sdk/src/common/pico_time/time.c.obj
 .rodata.hardware_alarm_claim.str1.4
                0x00000000100075b4       0x22 CMakeFiles/tempSensor.dir/home/baydev/Desktop/xx/pico/pico-sdk/src/rp2_common/hardware_timer/timer.c.obj
 *fill*         0x00000000100075d6        0x2 
 .rodata.hardware_alarm_set_target.str1.4
                0x00000000100075d8       0x70 CMakeFiles/tempSensor.dir/home/baydev/Desktop/xx/pico/pico-sdk/src/rp2_common/hardware_timer/timer.c.obj
 .rodata.__func__.4559
                0x0000000010007648       0x1a CMakeFiles/tempSensor.dir/home/baydev/Desktop/xx/pico/pico-sdk/src/rp2_common/hardware_timer/timer.c.obj
 *fill*         0x0000000010007662        0x2 
 .rodata.str1.4
                0x0000000010007664       0x95 CMakeFiles/tempSensor.dir/home/baydev/Desktop/xx/pico/pico-sdk/src/common/pico_sync/mutex.c.obj
                                        0x101 (size before relaxing)
 *fill*         0x00000000100076f9        0x3 
 .rodata.__func__.4193
                0x00000000100076fc       0x15 CMakeFiles/tempSensor.dir/home/baydev/Desktop/xx/pico/pico-sdk/src/common/pico_sync/mutex.c.obj
 *fill*         0x0000000010007711        0x3 
 .rodata.__func__.4681
                0x0000000010007714       0x18 CMakeFiles/tempSensor.dir/home/baydev/Desktop/xx/pico/pico-sdk/src/common/pico_sync/mutex.c.obj
 .rodata.__func__.4700
                0x000000001000772c        0xb CMakeFiles/tempSensor.dir/home/baydev/Desktop/xx/pico/pico-sdk/src/common/pico_sync/mutex.c.obj
 .rodata.ph_add_child_node.str1.4
                0x0000000010007737       0xa2 CMakeFiles/tempSensor.dir/home/baydev/Desktop/xx/pico/pico-sdk/src/common/pico_util/pheap.c.obj
 *fill*         0x0000000010007737        0x1 
 .rodata.ph_remove_any_head.str1.4
                0x0000000010007738       0x98 CMakeFiles/tempSensor.dir/home/baydev/Desktop/xx/pico/pico-sdk/src/common/pico_util/pheap.c.obj
 .rodata.ph_remove_and_free_node.str1.4
                0x00000000100077d0       0x26 CMakeFiles/tempSensor.dir/home/baydev/Desktop/xx/pico/pico-sdk/src/common/pico_util/pheap.c.obj
 *fill*         0x00000000100077f6        0x2 
 .rodata.__func__.5708
                0x00000000100077f8        0xc CMakeFiles/tempSensor.dir/home/baydev/Desktop/xx/pico/pico-sdk/src/common/pico_util/pheap.c.obj
 .rodata.__func__.5715
                0x0000000010007804       0x12 CMakeFiles/tempSensor.dir/home/baydev/Desktop/xx/pico/pico-sdk/src/common/pico_util/pheap.c.obj
 *fill*         0x0000000010007816        0x2 
 .rodata.__func__.5801
                0x0000000010007818       0x13 CMakeFiles/tempSensor.dir/home/baydev/Desktop/xx/pico/pico-sdk/src/common/pico_util/pheap.c.obj
 *fill*         0x000000001000782b        0x1 
 .rodata.__func__.5819
                0x000000001000782c       0x18 CMakeFiles/tempSensor.dir/home/baydev/Desktop/xx/pico/pico-sdk/src/common/pico_util/pheap.c.obj
 .rodata.__assert_func.str1.4
                0x0000000010007844       0x3f CMakeFiles/tempSensor.dir/home/baydev/Desktop/xx/pico/pico-sdk/src/rp2_common/pico_runtime/runtime.c.obj
                                         0x43 (size before relaxing)
 *fill*         0x0000000010007883        0x1 
 .rodata.runtime_init.str1.4
                0x0000000010007884       0x6c CMakeFiles/tempSensor.dir/home/baydev/Desktop/xx/pico/pico-sdk/src/rp2_common/pico_runtime/runtime.c.obj
 .rodata.panic.str1.4
                0x00000000100078f0       0x12 CMakeFiles/tempSensor.dir/home/baydev/Desktop/xx/pico/pico-sdk/src/rp2_common/pico_runtime/runtime.c.obj
 *fill*         0x0000000010007902        0x2 
 .rodata.__func__.5816
                0x0000000010007904        0xd CMakeFiles/tempSensor.dir/home/baydev/Desktop/xx/pico/pico-sdk/src/rp2_common/pico_runtime/runtime.c.obj
 *fill*         0x0000000010007911        0x3 
 .rodata.clock_configure.str1.4
                0x0000000010007914       0x62 CMakeFiles/tempSensor.dir/home/baydev/Desktop/xx/pico/pico-sdk/src/rp2_common/hardware_clocks/clocks.c.obj
 *fill*         0x0000000010007976        0x2 
 .rodata.__func__.4688
                0x0000000010007978       0x10 CMakeFiles/tempSensor.dir/home/baydev/Desktop/xx/pico/pico-sdk/src/rp2_common/hardware_clocks/clocks.c.obj
 .rodata.make_branch.str1.4
                0x0000000010007988       0x58 CMakeFiles/tempSensor.dir/home/baydev/Desktop/xx/pico/pico-sdk/src/rp2_common/hardware_irq/irq.c.obj
 .rodata.irq_set_exclusive_handler.str1.4
                0x00000000100079e0       0x36 CMakeFiles/tempSensor.dir/home/baydev/Desktop/xx/pico/pico-sdk/src/rp2_common/hardware_irq/irq.c.obj
 *fill*         0x0000000010007a16        0x2 
 .rodata.irq_add_shared_handler.str1.4
                0x0000000010007a18       0xd9 CMakeFiles/tempSensor.dir/home/baydev/Desktop/xx/pico/pico-sdk/src/rp2_common/hardware_irq/irq.c.obj
 *fill*         0x0000000010007af1        0x3 
 .rodata.irq_remove_handler.str1.4
                0x0000000010007af4       0x2a CMakeFiles/tempSensor.dir/home/baydev/Desktop/xx/pico/pico-sdk/src/rp2_common/hardware_irq/irq.c.obj
 *fill*         0x0000000010007b1e        0x2 
 .rodata.irq_add_tail_to_free_list.str1.4
                0x0000000010007b20       0x32 CMakeFiles/tempSensor.dir/home/baydev/Desktop/xx/pico/pico-sdk/src/rp2_common/hardware_irq/irq.c.obj
                                         0x3a (size before relaxing)
 *fill*         0x0000000010007b52        0x2 
 .rodata.__func__.4733
                0x0000000010007b54       0x1a CMakeFiles/tempSensor.dir/home/baydev/Desktop/xx/pico/pico-sdk/src/rp2_common/hardware_irq/irq.c.obj
 *fill*         0x0000000010007b6e        0x2 
 .rodata.__func__.4747
                0x0000000010007b70        0xc CMakeFiles/tempSensor.dir/home/baydev/Desktop/xx/pico/pico-sdk/src/rp2_common/hardware_irq/irq.c.obj
 .rodata.__func__.4755
                0x0000000010007b7c       0x17 CMakeFiles/tempSensor.dir/home/baydev/Desktop/xx/pico/pico-sdk/src/rp2_common/hardware_irq/irq.c.obj
 *fill*         0x0000000010007b93        0x1 
 .rodata.__func__.4759
                0x0000000010007b94        0xf CMakeFiles/tempSensor.dir/home/baydev/Desktop/xx/pico/pico-sdk/src/rp2_common/hardware_irq/irq.c.obj
 *fill*         0x0000000010007ba3        0x1 
 .rodata.__func__.4798
                0x0000000010007ba4       0x13 CMakeFiles/tempSensor.dir/home/baydev/Desktop/xx/pico/pico-sdk/src/rp2_common/hardware_irq/irq.c.obj
 *fill*         0x0000000010007bb7        0x1 
 .rodata.__func__.4821
                0x0000000010007bb8       0x1a CMakeFiles/tempSensor.dir/home/baydev/Desktop/xx/pico/pico-sdk/src/rp2_common/hardware_irq/irq.c.obj
 *fill*         0x0000000010007bd2        0x2 
 .rodata.pll_init.str1.4
                0x0000000010007bd4       0xe3 CMakeFiles/tempSensor.dir/home/baydev/Desktop/xx/pico/pico-sdk/src/rp2_common/hardware_pll/pll.c.obj
 *fill*         0x0000000010007cb7        0x1 
 .rodata.__func__.4408
                0x0000000010007cb8        0x9 CMakeFiles/tempSensor.dir/home/baydev/Desktop/xx/pico/pico-sdk/src/rp2_common/hardware_pll/pll.c.obj
 *fill*         0x0000000010007cc1        0x3 
 .rodata._ftoa.str1.4
                0x0000000010007cc4       0x15 CMakeFiles/tempSensor.dir/home/baydev/Desktop/xx/pico/pico-sdk/src/rp2_common/pico_printf/printf.c.obj
 *fill*         0x0000000010007cd9        0x3 
 .rodata._vsnprintf
                0x0000000010007cdc      0x1e0 CMakeFiles/tempSensor.dir/home/baydev/Desktop/xx/pico/pico-sdk/src/rp2_common/pico_printf/printf.c.obj
 *fill*         0x0000000010007ebc        0x4 
 .rodata.pow10.5422
                0x0000000010007ec0       0x50 CMakeFiles/tempSensor.dir/home/baydev/Desktop/xx/pico/pico-sdk/src/rp2_common/pico_printf/printf.c.obj
 .rodata.__aeabi_double_init.str1.4
                0x0000000010007f10       0xb3 CMakeFiles/tempSensor.dir/home/baydev/Desktop/xx/pico/pico-sdk/src/rp2_common/pico_double/double_init_rom.c.obj
 *fill*         0x0000000010007fc3        0x1 
 .rodata.__func__.4719
                0x0000000010007fc4       0x14 CMakeFiles/tempSensor.dir/home/baydev/Desktop/xx/pico/pico-sdk/src/rp2_common/pico_double/double_init_rom.c.obj
 .rodata.__aeabi_float_init.str1.4
                0x0000000010007fd8       0x85 CMakeFiles/tempSensor.dir/home/baydev/Desktop/xx/pico/pico-sdk/src/rp2_common/pico_float/float_init_rom.c.obj
                                         0x89 (size before relaxing)
 *fill*         0x000000001000805d        0x3 
 .rodata.__func__.4720
                0x0000000010008060       0x13 CMakeFiles/tempSensor.dir/home/baydev/Desktop/xx/pico/pico-sdk/src/rp2_common/pico_float/float_init_rom.c.obj
 *fill*         0x0000000010008073        0x1 
 .rodata.str1.4
                0x0000000010008074       0x40 CMakeFiles/tempSensor.dir/home/baydev/Desktop/xx/pico/pico-sdk/src/rp2_common/pico_standard_link/binary_info.c.obj
 .rodata.__bi_44
                0x00000000100080b4        0xc CMakeFiles/tempSensor.dir/home/baydev/Desktop/xx/pico/pico-sdk/src/rp2_common/pico_standard_link/binary_info.c.obj
 .rodata.__bi_75
                0x00000000100080c0        0xc CMakeFiles/tempSensor.dir/home/baydev/Desktop/xx/pico/pico-sdk/src/rp2_common/pico_standard_link/binary_info.c.obj
 .rodata.__bi_81
                0x00000000100080cc        0xc CMakeFiles/tempSensor.dir/home/baydev/Desktop/xx/pico/pico-sdk/src/rp2_common/pico_standard_link/binary_info.c.obj
 .rodata.crlf_str.5901
                0x00000000100080d8        0x2 CMakeFiles/tempSensor.dir/home/baydev/Desktop/xx/pico/pico-sdk/src/rp2_common/pico_stdio/stdio.c.obj
 *fill*         0x00000000100080da        0x2 
 .rodata._resetd_driver
                0x00000000100080dc       0x18 CMakeFiles/tempSensor.dir/home/baydev/Desktop/xx/pico/pico-sdk/src/rp2_common/pico_stdio_usb/reset_interface.c.obj
 .rodata.stdio_usb_init.str1.4
                0x00000000100080f4       0x6c CMakeFiles/tempSensor.dir/home/baydev/Desktop/xx/pico/pico-sdk/src/rp2_common/pico_stdio_usb/stdio_usb.c.obj
 .rodata.str1.4
                0x00000000100080f4       0x13 CMakeFiles/tempSensor.dir/home/baydev/Desktop/xx/pico/pico-sdk/src/rp2_common/pico_stdio_usb/stdio_usb.c.obj
 *fill*         0x0000000010008107        0x1 
 .rodata.__bi_93.7216
                0x0000000010008108        0xc CMakeFiles/tempSensor.dir/home/baydev/Desktop/xx/pico/pico-sdk/src/rp2_common/pico_stdio_usb/stdio_usb.c.obj
 .rodata.__func__.5424
                0x0000000010008114       0x15 CMakeFiles/tempSensor.dir/home/baydev/Desktop/xx/pico/pico-sdk/src/rp2_common/pico_stdio_usb/stdio_usb.c.obj
 *fill*         0x0000000010008129        0x3 
 .rodata.str1.4
                0x000000001000812c       0x2a CMakeFiles/tempSensor.dir/home/baydev/Desktop/xx/pico/pico-sdk/src/rp2_common/pico_stdio_usb/stdio_usb_descriptors.c.obj
 *fill*         0x0000000010008156        0x2 
 .rodata.usbd_desc_cfg
                0x0000000010008158       0x54 CMakeFiles/tempSensor.dir/home/baydev/Desktop/xx/pico/pico-sdk/src/rp2_common/pico_stdio_usb/stdio_usb_descriptors.c.obj
 .rodata.usbd_desc_device
                0x00000000100081ac       0x12 CMakeFiles/tempSensor.dir/home/baydev/Desktop/xx/pico/pico-sdk/src/rp2_common/pico_stdio_usb/stdio_usb_descriptors.c.obj
 *fill*         0x00000000100081be        0x2 
 .rodata.usbd_desc_str
                0x00000000100081c0       0x18 CMakeFiles/tempSensor.dir/home/baydev/Desktop/xx/pico/pico-sdk/src/rp2_common/pico_stdio_usb/stdio_usb_descriptors.c.obj
 .rodata._hw_endpoint_alloc.str1.4
                0x00000000100081d8       0xc1 CMakeFiles/tempSensor.dir/home/baydev/Desktop/xx/pico/pico-sdk/lib/tinyusb/src/portable/raspberrypi/rp2040/dcd_rp2040.c.obj
 *fill*         0x0000000010008299        0x3 
 .rodata.dcd_rp2040_irq.str1.4
                0x000000001000829c       0x14 CMakeFiles/tempSensor.dir/home/baydev/Desktop/xx/pico/pico-sdk/lib/tinyusb/src/portable/raspberrypi/rp2040/dcd_rp2040.c.obj
 .rodata.dcd_int_enable.str1.4
                0x00000000100082b0        0xc CMakeFiles/tempSensor.dir/home/baydev/Desktop/xx/pico/pico-sdk/lib/tinyusb/src/portable/raspberrypi/rp2040/dcd_rp2040.c.obj
 .rodata.__func__.6888
                0x00000000100082bc       0x13 CMakeFiles/tempSensor.dir/home/baydev/Desktop/xx/pico/pico-sdk/lib/tinyusb/src/portable/raspberrypi/rp2040/dcd_rp2040.c.obj
 *fill*         0x00000000100082cf        0x1 
 .rodata.__func__.6941
                0x00000000100082d0        0x9 CMakeFiles/tempSensor.dir/home/baydev/Desktop/xx/pico/pico-sdk/lib/tinyusb/src/portable/raspberrypi/rp2040/dcd_rp2040.c.obj
 *fill*         0x00000000100082d9        0x3 
 .rodata.__func__.6945
                0x00000000100082dc        0xf CMakeFiles/tempSensor.dir/home/baydev/Desktop/xx/pico/pico-sdk/lib/tinyusb/src/portable/raspberrypi/rp2040/dcd_rp2040.c.obj
 *fill*         0x00000000100082eb        0x1 
 .rodata.__func__.6954
                0x00000000100082ec       0x10 CMakeFiles/tempSensor.dir/home/baydev/Desktop/xx/pico/pico-sdk/lib/tinyusb/src/portable/raspberrypi/rp2040/dcd_rp2040.c.obj
 .rodata.__func__.6973
                0x00000000100082fc        0xe CMakeFiles/tempSensor.dir/home/baydev/Desktop/xx/pico/pico-sdk/lib/tinyusb/src/portable/raspberrypi/rp2040/dcd_rp2040.c.obj
 *fill*         0x000000001000830a        0x2 
 .rodata.__func__.6983
                0x000000001000830c        0xe CMakeFiles/tempSensor.dir/home/baydev/Desktop/xx/pico/pico-sdk/lib/tinyusb/src/portable/raspberrypi/rp2040/dcd_rp2040.c.obj
 *fill*         0x000000001000831a        0x2 
 .rodata.sync_ep_buffer.str1.4
                0x000000001000831c       0x9d CMakeFiles/tempSensor.dir/home/baydev/Desktop/xx/pico/pico-sdk/lib/tinyusb/src/portable/raspberrypi/rp2040/rp2040_usb.c.obj
 *fill*         0x00000000100083b9        0x3 
 .rodata._hw_endpoint_buffer_control_update32.str1.4
                0x00000000100083bc       0x1f CMakeFiles/tempSensor.dir/home/baydev/Desktop/xx/pico/pico-sdk/lib/tinyusb/src/portable/raspberrypi/rp2040/rp2040_usb.c.obj
 *fill*         0x00000000100083db        0x1 
 .rodata.hw_endpoint_xfer_start.str1.4
                0x00000000100083dc       0x38 CMakeFiles/tempSensor.dir/home/baydev/Desktop/xx/pico/pico-sdk/lib/tinyusb/src/portable/raspberrypi/rp2040/rp2040_usb.c.obj
 .rodata.hw_endpoint_xfer_continue.str1.4
                0x0000000010008414       0x29 CMakeFiles/tempSensor.dir/home/baydev/Desktop/xx/pico/pico-sdk/lib/tinyusb/src/portable/raspberrypi/rp2040/rp2040_usb.c.obj
 *fill*         0x000000001000843d        0x3 
 .rodata.str1.4
                0x0000000010008440        0x7 CMakeFiles/tempSensor.dir/home/baydev/Desktop/xx/pico/pico-sdk/lib/tinyusb/src/portable/raspberrypi/rp2040/rp2040_usb.c.obj
 *fill*         0x0000000010008447        0x1 
 .rodata.__func__.6655
                0x0000000010008448        0xf CMakeFiles/tempSensor.dir/home/baydev/Desktop/xx/pico/pico-sdk/lib/tinyusb/src/portable/raspberrypi/rp2040/rp2040_usb.c.obj
 *fill*         0x0000000010008457        0x1 
 .rodata.process_set_config.str1.4
                0x0000000010008458       0x17 CMakeFiles/tempSensor.dir/home/baydev/Desktop/xx/pico/pico-sdk/lib/tinyusb/src/device/usbd.c.obj
 *fill*         0x000000001000846f        0x1 
 .rodata.process_get_descriptor
                0x0000000010008470       0x40 CMakeFiles/tempSensor.dir/home/baydev/Desktop/xx/pico/pico-sdk/lib/tinyusb/src/device/usbd.c.obj
 .rodata.process_control_request
                0x00000000100084b0       0x28 CMakeFiles/tempSensor.dir/home/baydev/Desktop/xx/pico/pico-sdk/lib/tinyusb/src/device/usbd.c.obj
 .rodata.tud_task
                0x00000000100084d8       0x24 CMakeFiles/tempSensor.dir/home/baydev/Desktop/xx/pico/pico-sdk/lib/tinyusb/src/device/usbd.c.obj
 .rodata.__func__.6564
                0x00000000100084fc       0x10 CMakeFiles/tempSensor.dir/home/baydev/Desktop/xx/pico/pico-sdk/lib/tinyusb/src/device/usbd.c.obj
 .rodata.__func__.7362
                0x000000001000850c        0x9 CMakeFiles/tempSensor.dir/home/baydev/Desktop/xx/pico/pico-sdk/lib/tinyusb/src/device/usbd.c.obj
 *fill*         0x0000000010008515        0x3 
 .rodata.__func__.7383
                0x0000000010008518       0x18 CMakeFiles/tempSensor.dir/home/baydev/Desktop/xx/pico/pico-sdk/lib/tinyusb/src/device/usbd.c.obj
 .rodata.__func__.7426
                0x0000000010008530       0x13 CMakeFiles/tempSensor.dir/home/baydev/Desktop/xx/pico/pico-sdk/lib/tinyusb/src/device/usbd.c.obj
 *fill*         0x0000000010008543        0x1 
 .rodata.__func__.7461
                0x0000000010008544       0x17 CMakeFiles/tempSensor.dir/home/baydev/Desktop/xx/pico/pico-sdk/lib/tinyusb/src/device/usbd.c.obj
 *fill*         0x000000001000855b        0x1 
 .rodata.__func__.7515
                0x000000001000855c       0x14 CMakeFiles/tempSensor.dir/home/baydev/Desktop/xx/pico/pico-sdk/lib/tinyusb/src/device/usbd.c.obj
 .rodata.__func__.7529
                0x0000000010008570        0xf CMakeFiles/tempSensor.dir/home/baydev/Desktop/xx/pico/pico-sdk/lib/tinyusb/src/device/usbd.c.obj
 *fill*         0x000000001000857f        0x1 
 .rodata.__func__.7552
                0x0000000010008580        0xf CMakeFiles/tempSensor.dir/home/baydev/Desktop/xx/pico/pico-sdk/lib/tinyusb/src/device/usbd.c.obj
 *fill*         0x000000001000858f        0x1 
 .rodata._usbd_driver
                0x0000000010008590       0x18 CMakeFiles/tempSensor.dir/home/baydev/Desktop/xx/pico/pico-sdk/lib/tinyusb/src/device/usbd.c.obj
 .rodata.tud_control_xfer.str1.4
                0x00000000100085a8       0x17 CMakeFiles/tempSensor.dir/home/baydev/Desktop/xx/pico/pico-sdk/lib/tinyusb/src/device/usbd_control.c.obj
 .rodata.__func__.7277
                0x00000000100085a8       0x11 CMakeFiles/tempSensor.dir/home/baydev/Desktop/xx/pico/pico-sdk/lib/tinyusb/src/device/usbd_control.c.obj
 *fill*         0x00000000100085b9        0x3 
 .rodata.__func__.7304
                0x00000000100085bc       0x15 CMakeFiles/tempSensor.dir/home/baydev/Desktop/xx/pico/pico-sdk/lib/tinyusb/src/device/usbd_control.c.obj
 .rodata.tud_cdc_n_write_flush.str1.4
                0x00000000100085d1       0x17 CMakeFiles/tempSensor.dir/home/baydev/Desktop/xx/pico/pico-sdk/lib/tinyusb/src/class/cdc/cdc_device.c.obj
 *fill*         0x00000000100085d1        0x3 
 .rodata.__func__.7213
                0x00000000100085d4       0x16 CMakeFiles/tempSensor.dir/home/baydev/Desktop/xx/pico/pico-sdk/lib/tinyusb/src/class/cdc/cdc_device.c.obj
 *fill*         0x00000000100085ea        0x2 
 .rodata.__func__.7246
                0x00000000100085ec        0xa CMakeFiles/tempSensor.dir/home/baydev/Desktop/xx/pico/pico-sdk/lib/tinyusb/src/class/cdc/cdc_device.c.obj
 *fill*         0x00000000100085f6        0x2 
 .rodata.__func__.7281
                0x00000000100085f8        0xd CMakeFiles/tempSensor.dir/home/baydev/Desktop/xx/pico/pico-sdk/lib/tinyusb/src/class/cdc/cdc_device.c.obj
 .rodata.tusb_init.str1.4
                0x0000000010008605       0x17 CMakeFiles/tempSensor.dir/home/baydev/Desktop/xx/pico/pico-sdk/lib/tinyusb/src/tusb.c.obj
 *fill*         0x0000000010008605        0x3 
 .rodata.__func__.7150
                0x0000000010008608        0xa CMakeFiles/tempSensor.dir/home/baydev/Desktop/xx/pico/pico-sdk/lib/tinyusb/src/tusb.c.obj
 *fill*         0x0000000010008612        0x2 
 .rodata.__func__.7162
                0x0000000010008614       0x11 CMakeFiles/tempSensor.dir/home/baydev/Desktop/xx/pico/pico-sdk/lib/tinyusb/src/tusb.c.obj
 *fill*         0x0000000010008625        0x3 
 .rodata.pico_get_unique_board_id_string.str1.4
                0x0000000010008628       0x58 CMakeFiles/tempSensor.dir/home/baydev/Desktop/xx/pico/pico-sdk/src/rp2_common/pico_unique_id/unique_id.c.obj
 .rodata.__func__.4287
                0x0000000010008680       0x20 CMakeFiles/tempSensor.dir/home/baydev/Desktop/xx/pico/pico-sdk/src/rp2_common/pico_unique_id/unique_id.c.obj
 .rodata.str1.4
                0x00000000100086a0      0x162 CMakeFiles/tempSensor.dir/home/baydev/Desktop/xx/pico/pico-sdk/src/rp2_common/hardware_flash/flash.c.obj
 *fill*         0x0000000010008802        0x2 
 .rodata.__func__.4461
                0x0000000010008804        0xd CMakeFiles/tempSensor.dir/home/baydev/Desktop/xx/pico/pico-sdk/src/rp2_common/hardware_flash/flash.c.obj
                0x0000000010008814                . = ALIGN (0x4)
 *fill*         0x0000000010008811        0x3 
 *(SORT_BY_ALIGNMENT(SORT_BY_NAME(.flashdata*)))
                0x0000000010008814                . = ALIGN (0x4)

.rel.dyn        0x0000000010008814        0x0
 .rel.iplt      0x0000000010008814        0x0 /usr/lib/gcc/arm-none-eabi/9.2.1/thumb/v6-m/nofp/crtbegin.o

.ARM.extab
 *(.ARM.extab* .gnu.linkonce.armextab.*)
                0x0000000010008814                __exidx_start = .

.ARM.exidx
 *(.ARM.exidx* .gnu.linkonce.armexidx.*)
                0x0000000010008814                __exidx_end = .
                0x0000000010008814                . = ALIGN (0x4)
                0x0000000010008814                __binary_info_start = .

.binary_info    0x0000000010008814       0x20
 *(.binary_info.keep.*)
 .binary_info.keep.__bi_ptr22
                0x0000000010008814        0x4 CMakeFiles/tempSensor.dir/home/baydev/Desktop/xx/pico/pico-sdk/src/rp2_common/pico_standard_link/binary_info.c.obj
 .binary_info.keep.__bi_ptr30
                0x0000000010008818        0x4 CMakeFiles/tempSensor.dir/home/baydev/Desktop/xx/pico/pico-sdk/src/rp2_common/pico_standard_link/binary_info.c.obj
 .binary_info.keep.__bi_ptr38
                0x000000001000881c        0x4 CMakeFiles/tempSensor.dir/home/baydev/Desktop/xx/pico/pico-sdk/src/rp2_common/pico_standard_link/binary_info.c.obj
 .binary_info.keep.__bi_ptr44
                0x0000000010008820        0x4 CMakeFiles/tempSensor.dir/home/baydev/Desktop/xx/pico/pico-sdk/src/rp2_common/pico_standard_link/binary_info.c.obj
 .binary_info.keep.__bi_ptr50
                0x0000000010008824        0x4 CMakeFiles/tempSensor.dir/home/baydev/Desktop/xx/pico/pico-sdk/src/rp2_common/pico_standard_link/binary_info.c.obj
 .binary_info.keep.__bi_ptr75
                0x0000000010008828        0x4 CMakeFiles/tempSensor.dir/home/baydev/Desktop/xx/pico/pico-sdk/src/rp2_common/pico_standard_link/binary_info.c.obj
 .binary_info.keep.__bi_ptr81
                0x000000001000882c        0x4 CMakeFiles/tempSensor.dir/home/baydev/Desktop/xx/pico/pico-sdk/src/rp2_common/pico_standard_link/binary_info.c.obj
 *(.binary_info.*)
 .binary_info.__bi_ptr93
                0x0000000010008830        0x4 CMakeFiles/tempSensor.dir/home/baydev/Desktop/xx/pico/pico-sdk/src/rp2_common/pico_stdio_usb/stdio_usb.c.obj
                0x0000000010008834                __binary_info_end = .
                0x0000000010008834                . = ALIGN (0x4)
                0x0000000010008834                __etext = .

.ram_vector_table
                0x0000000020000000       0xc0
 *(.ram_vector_table)
 .ram_vector_table
                0x0000000020000000       0xc0 CMakeFiles/tempSensor.dir/home/baydev/Desktop/xx/pico/pico-sdk/src/rp2_common/pico_runtime/runtime.c.obj
                0x0000000020000000                ram_vector_table

.data           0x00000000200000c0      0x460 load address 0x0000000010008834
                0x00000000200000c0                __data_start__ = .
 *(vtable)
 *(.time_critical*)
 .time_critical.mutex_enter_blocking
                0x00000000200000c0       0x48 CMakeFiles/tempSensor.dir/home/baydev/Desktop/xx/pico/pico-sdk/src/common/pico_sync/mutex.c.obj
                0x00000000200000c0                mutex_enter_blocking
 .time_critical.mutex_try_enter
                0x0000000020000108       0x48 CMakeFiles/tempSensor.dir/home/baydev/Desktop/xx/pico/pico-sdk/src/common/pico_sync/mutex.c.obj
                0x0000000020000108                mutex_try_enter
 .time_critical.mutex_enter_block_until
                0x0000000020000150       0x88 CMakeFiles/tempSensor.dir/home/baydev/Desktop/xx/pico/pico-sdk/src/common/pico_sync/mutex.c.obj
                0x0000000020000150                mutex_enter_block_until
 .time_critical.mutex_enter_timeout_ms
                0x00000000200001d8       0x78 CMakeFiles/tempSensor.dir/home/baydev/Desktop/xx/pico/pico-sdk/src/common/pico_sync/mutex.c.obj
                0x00000000200001d8                mutex_enter_timeout_ms
 .time_critical.mutex_exit
                0x0000000020000250       0x4c CMakeFiles/tempSensor.dir/home/baydev/Desktop/xx/pico/pico-sdk/src/common/pico_sync/mutex.c.obj
                0x0000000020000250                mutex_exit
 .time_critical.flash_init_boot2_copyout
                0x000000002000029c       0x30 CMakeFiles/tempSensor.dir/home/baydev/Desktop/xx/pico/pico-sdk/src/rp2_common/hardware_flash/flash.c.obj
 .time_critical.flash_enable_xip_via_boot2
                0x00000000200002cc       0x10 CMakeFiles/tempSensor.dir/home/baydev/Desktop/xx/pico/pico-sdk/src/rp2_common/hardware_flash/flash.c.obj
 .time_critical.flash_cs_force
                0x00000000200002dc       0x28 CMakeFiles/tempSensor.dir/home/baydev/Desktop/xx/pico/pico-sdk/src/rp2_common/hardware_flash/flash.c.obj
 .time_critical.flash_do_cmd
                0x0000000020000304       0xd8 CMakeFiles/tempSensor.dir/home/baydev/Desktop/xx/pico/pico-sdk/src/rp2_common/hardware_flash/flash.c.obj
                0x0000000020000304                flash_do_cmd
 *(.text*)